ARM Linker, 5.03 [Build 76] [MDK-ARM Standard]

==============================================================================

Section Cross References

    main.o(.text) refers to configuration.o(.text) for rcc_configuration
    main.o(.text) refers to global.o(.text) for uprintf
    main.o(.text) refers to cmd.o(.text) for cmd_init
    main.o(.text) refers to tftlcd.o(.text) for lcd_init
    main.o(.text) refers to parameter.o(.text) for param_init
    main.o(.text) refers to camera.o(.text) for camera_init
    main.o(.text) refers to printfa.o(i.__0sprintf) for __2sprintf
    main.o(.text) refers to f2d.o(.text) for __aeabi_f2d
    main.o(.text) refers to stm32f4xx_gpio.o(.text) for GPIO_ReadInputDataBit
    main.o(.text) refers to stm32f4xx_usart.o(.text) for USART_GetFlagStatus
    main.o(.text) refers to dflti.o(.text) for __aeabi_i2d
    main.o(.text) refers to dmul.o(.text) for __aeabi_dmul
    main.o(.text) refers to d2f.o(.text) for __aeabi_d2f
    stm32f4xx_it.o(.text) refers to stm32f4xx_exti.o(.text) for EXTI_GetITStatus
    stm32f4xx_it.o(.text) refers to stm32f4xx_gpio.o(.text) for GPIO_ReadInputDataBit
    stm32f4xx_it.o(.text) refers to global.o(.text) for tim3_pwm_set
    stm32f4xx_it.o(.text) refers to parameter.o(.text) for param_switch
    stm32f4xx_it.o(.text) refers to printfa.o(i.__0sprintf) for __2sprintf
    stm32f4xx_it.o(.text) refers to tftlcd.o(.text) for lcd_show_string
    stm32f4xx_it.o(.text) refers to stm32f4xx_tim.o(.text) for TIM_GetITStatus
    stm32f4xx_it.o(.text) refers to main.o(.bss) for g_pre_centroid_x
    stm32f4xx_it.o(.text) refers to stm32f4xx_it.o(.bss) for str_temp
    configuration.o(.text) refers to stm32f4xx_rcc.o(.text) for RCC_DeInit
    configuration.o(.text) refers to stm32f4xx_flash.o(.text) for FLASH_SetLatency
    configuration.o(.text) refers to stm32f4xx_gpio.o(.text) for GPIO_Init
    configuration.o(.text) refers to stm32f4xx_syscfg.o(.text) for SYSCFG_EXTILineConfig
    configuration.o(.text) refers to configuration.o(.data) for GPIO_InitStructure
    configuration.o(.text) refers to stm32f4xx_exti.o(.text) for EXTI_Init
    configuration.o(.text) refers to stm32f4xx_tim.o(.text) for TIM_DeInit
    configuration.o(.text) refers to stm32f4xx_usart.o(.text) for USART_Init
    configuration.o(.text) refers to misc.o(.text) for NVIC_PriorityGroupConfig
    configuration.o(.text) refers to configuration.o(.bss) for TIM_TimeBaseStructure
    configuration.o(.text) refers to stm32f4xx_spi.o(.text) for SPI_Init
    configuration.o(.text) refers to stm32f4xx_i2c.o(.text) for I2C_DeInit
    configuration.o(.text) refers to stm32f4xx_fsmc.o(.text) for FSMC_NORSRAMInit
    global.o(.text) refers to stm32f4xx_usart.o(.text) for USART_GetFlagStatus
    global.o(.text) refers to printfa.o(i.__0vsnprintf) for vsnprintf
    global.o(.text) refers to stm32f4xx_rcc.o(.text) for RCC_APB1PeriphClockCmd
    global.o(.text) refers to stm32f4xx_tim.o(.text) for TIM_TimeBaseInit
    global.o(.text) refers to misc.o(.text) for NVIC_PriorityGroupConfig
    tftlcd.o(.text) refers to tftlcd.o(.data) for lcd_id
    tftlcd.o(.text) refers to global.o(.text) for delay_ms
    tftlcd.o(.text) refers to stm32f4xx_gpio.o(.text) for GPIO_SetBits
    tftlcd.o(.text) refers to tftlcd.o(.constdata) for asc2_1206
    tracking.o(.text) refers to malloc.o(i.malloc) for malloc
    tracking.o(.text) refers to malloc.o(i.free) for free
    link_list.o(.text) refers to malloc.o(i.malloc) for malloc
    link_list.o(.text) refers to malloc.o(i.free) for free
    link_list.o(.text) refers to strcmp.o(.text) for strcmp
    link_list.o(.text) refers to strcpy.o(.text) for strcpy
    link_list.o(.text) refers to f2d.o(.text) for __aeabi_f2d
    link_list.o(.text) refers to global.o(.text) for uprintf
    camera.o(.text) refers to malloc.o(i.malloc) for malloc
    camera.o(.text) refers to stm32f4xx_i2c.o(.text) for I2C_GenerateSTART
    camera.o(.text) refers to stm32f4xx_rcc.o(.text) for RCC_AHB1PeriphClockCmd
    camera.o(.text) refers to stm32f4xx_gpio.o(.text) for GPIO_Init
    camera.o(.text) refers to stm32f4xx_tim.o(.text) for TIM_TimeBaseInit
    camera.o(.text) refers to stm32f4xx_syscfg.o(.text) for SYSCFG_EXTILineConfig
    camera.o(.text) refers to stm32f4xx_exti.o(.text) for EXTI_Init
    camera.o(.text) refers to misc.o(.text) for NVIC_PriorityGroupConfig
    camera.o(.text) refers to stm32f4xx_dma.o(.text) for DMA_DeInit
    camera.o(.text) refers to camera.o(.constdata) for ov7725_init_tbl
    camera.o(.text) refers to camera.o(.data) for p_dma_image
    camera.o(.text) refers to printfa.o(i.__0sprintf) for __2sprintf
    camera.o(.text) refers to tftlcd.o(.text) for lcd_show_string
    camera.o(.text) refers to global.o(.text) for uprintf
    camera.o(.text) refers to camera.o(.bss) for g_str_temp
    parameter.o(.text) refers to link_list.o(.text) for list_search
    parameter.o(.text) refers to parameter.o(.data) for g_param_list
[...]
    _sputc                                   0x08009841   Thumb Code    10  printfa.o(i._sputc)
    i.free                                   0x0800984c   Section        0  malloc.o(i.free)
    i.malloc                                 0x0800989c   Section        0  malloc.o(i.malloc)
    .constdata                               0x08009908   Section     6080  tftlcd.o(.constdata)
    .constdata                               0x0800b0c8   Section     1612  camera.o(.constdata)
    .constdata                               0x0800b714   Section       28  stm32f4xx_fsmc.o(.constdata)
    .constdata                               0x0800b730   Section      129  ctype_o.o(.constdata)
    .constdata                               0x0800b7b4   Section        4  ctype_o.o(.constdata)
    table                                    0x0800b7b4   Data           4  ctype_o.o(.constdata)
    .data                                    0x20000000   Section       20  configuration.o(.data)
    .data                                    0x20000014   Section        8  tftlcd.o(.data)
    .data                                    0x2000001c   Section       40  camera.o(.data)
    p_dma_image                              0x20000040   Data           4  camera.o(.data)
    .data                                    0x20000044   Section       12  parameter.o(.data)
    g_control_param                          0x20000048   Data           4  parameter.o(.data)
    group_now                                0x2000004c   Data           4  parameter.o(.data)
    .data                                    0x20000050   Section      608  cmd.o(.data)
    cmd_tbl                                  0x20000050   Data         588  cmd.o(.data)
    loopback                                 0x2000029c   Data           1  cmd.o(.data)
    cmd_line_index                           0x200002a0   Data           4  cmd.o(.data)
    cmd_line_length                          0x200002a4   Data           4  cmd.o(.data)
    com_flag                                 0x200002a8   Data           1  cmd.o(.data)
    dir_flag                                 0x200002a9   Data           1  cmd.o(.data)
    cmd_pre_n                                0x200002ac   Data           4  cmd.o(.data)
    .data                                    0x200002b0   Section       68  mpu6050.o(.data)
    mpu6050_data_cnt                         0x200002b0   Data           2  mpu6050.o(.data)
    mpu6050_regaddr_start                    0x200002b2   Data           1  mpu6050.o(.data)
    mpu6050_cycleread_flag                   0x200002b3   Data           1  mpu6050.o(.data)
    gyro_adj_flag                            0x200002b4   Data           1  mpu6050.o(.data)
    gyro_adj_cnt                             0x200002b8   Data          12  mpu6050.o(.data)
    gyro_reset_cnt                           0x200002c4   Data           4  mpu6050.o(.data)
    gyro_centre                              0x200002c8   Data           6  mpu6050.o(.data)
    gyro_v                                   0x200002ce   Data           6  mpu6050.o(.data)
    dma1                                     0x200002d4   Data           4  mpu6050.o(.data)
    tim_cnt                                  0x200002d8   Data           4  mpu6050.o(.data)
    pre_tim_cnt                              0x200002dc   Data           4  mpu6050.o(.data)
    d_t                                      0x200002e0   Data           4  mpu6050.o(.data)
    data_choose                              0x200002e4   Data           1  mpu6050.o(.data)
    gyro_dimension                           0x200002e5   Data           1  mpu6050.o(.data)
    p_accel_data                             0x200002e8   Data           4  mpu6050.o(.data)
    p_gyro_data                              0x200002ec   Data           4  mpu6050.o(.data)
    p_temp_data                              0x200002f0   Data           4  mpu6050.o(.data)
    .data                                    0x200002f4   Section       20  system_stm32f4xx.o(.data)
    .data                                    0x20000308   Section       16  stm32f4xx_rcc.o(.data)
    APBAHBPrescTable                         0x20000308   Data          16  stm32f4xx_rcc.o(.data)
    .data                                    0x20000318   Section        4  mvars.o(.data)
    .data                                    0x2000031c   Section        4  mvars.o(.data)
    .data                                    0x20000320   Section        4  errno.o(.data)
    _errno                                   0x20000320   Data           4  errno.o(.data)
    .bss                                     0x20000324   Section       40  main.o(.bss)
    .bss                                     0x2000034c   Section      100  stm32f4xx_it.o(.bss)
    .bss                                     0x200003b0   Section      178  configuration.o(.bss)
    .bss                                     0x20000462   Section      128  camera.o(.bss)
    g_str_temp                               0x20000462   Data         128  camera.o(.bss)
    .bss                                     0x200004e4   Section      200  parameter.o(.bss)
    param_name                               0x200004e4   Data          32  parameter.o(.bss)
    control_param_array                      0x20000504   Data         168  parameter.o(.bss)
    .bss                                     0x200005ac   Section      184  cmd.o(.bss)
    cmd_line                                 0x200005ac   Data         129  cmd.o(.bss)
    cmd_argv                                 0x20000630   Data          32  cmd.o(.bss)
    cmd_line_pre                             0x20000650   Data          20  cmd.o(.bss)
    .bss                                     0x20000664   Section       28  mpu6050.o(.bss)
    mpu6050_orig_data                        0x20000664   Data          14  mpu6050.o(.bss)
    pre_gyro_data                            0x20000674   Data          12  mpu6050.o(.bss)
    HEAP                                     0x20000680   Section    65536  startup_stm32f40_41xxx.o(HEAP)
    STACK                                    0x20010680   Section     1024  startup_stm32f40_41xxx.o(STACK)

    Global Symbols

    Symbol Name                              Value     Ov Type        Size  Object(Section)

    BuildAttributes$$THM_ISAv4$E$P$D$K$B$S$7EM$VFPi3$EXTD16$VFPS$VFMA$PE$A:L22UL41UL21$X:L11$S22US41US21$IEEE1$IW$USESV6$~STKCKD$USESV7$~SHL$OTIME$ROPI$IEEEJ$EBA8$MICROLIB$REQ8$PRES8$EABIv2 0x00000000   Number         0  anon$$obj.o ABSOLUTE
    __ARM_use_no_argv                        0x00000000   Number         0  main.o ABSOLUTE
    _printf_a                                0x00000000   Number         0  stubs.o ABSOLUTE
    _printf_c                                0x00000000   Number         0  stubs.o ABSOLUTE
    _printf_charcount                        0x00000000   Number         0  stubs.o ABSOLUTE
    _printf_d                                0x00000000   Number         0  stubs.o ABSOLUTE
    _printf_e                                0x00000000   Number         0  stubs.o ABSOLUTE
    _printf_f                                0x00000000   Number         0  stubs.o ABSOLUTE
    _printf_flags                            0x00000000   Number         0  stubs.o ABSOLUTE
    _printf_fp_dec                           0x00000000   Number         0  stubs.o ABSOLUTE
    _printf_fp_hex                           0x00000000   Number         0  stubs.o ABSOLUTE
    _printf_g                                0x00000000   Number         0  stubs.o ABSOLUTE
    _printf_i                                0x00000000   Number         0  stubs.o ABSOLUTE
    _printf_int_dec                          0x00000000   Number         0  stubs.o ABSOLUTE
    _printf_l                                0x00000000   Number         0  stubs.o ABSOLUTE
    _printf_lc                               0x00000000   Number         0  stubs.o ABSOLUTE
    _printf_ll                               0x00000000   Number         0  stubs.o ABSOLUTE
    _printf_lld                              0x00000000   Number         0  stubs.o ABSOLUTE
    _printf_lli                              0x00000000   Number         0  stubs.o ABSOLUTE
    _printf_llo                              0x00000000   Number         0  stubs.o ABSOLUTE
    _printf_llu                              0x00000000   Number         0  stubs.o ABSOLUTE
    _printf_llx                              0x00000000   Number         0  stubs.o ABSOLUTE
    _printf_longlong_dec                     0x00000000   Number         0  stubs.o ABSOLUTE
    _printf_longlong_hex                     0x00000000   Number         0  stubs.o ABSOLUTE
    _printf_longlong_oct                     0x00000000   Number         0  stubs.o ABSOLUTE
    _printf_ls                               0x00000000   Number         0  stubs.o ABSOLUTE
    _printf_mbtowc                           0x00000000   Number         0  stubs.o ABSOLUTE
    _printf_n                                0x00000000   Number         0  stubs.o ABSOLUTE
    _printf_o                                0x00000000   Number         0  stubs.o ABSOLUTE
    _printf_p                                0x00000000   Number         0  stubs.o ABSOLUTE
    _printf_percent                          0x00000000   Number         0  stubs.o ABSOLUTE
    _printf_pre_padding                      0x00000000   Number         0  stubs.o ABSOLUTE
    _printf_return_value                     0x00000000   Number         0  stubs.o ABSOLUTE
    _printf_s                                0x00000000   Number         0  stubs.o ABSOLUTE
    _printf_sizespec                         0x00000000   Number         0  stubs.o ABSOLUTE
    _printf_str                              0x00000000   Number         0  stubs.o ABSOLUTE
    _printf_truncate_signed                  0x00000000   Number         0  stubs.o ABSOLUTE
    _printf_truncate_unsigned                0x00000000   Number         0  stubs.o ABSOLUTE
    _printf_u                                0x00000000   Number         0  stubs.o ABSOLUTE
    _printf_wc                               0x00000000   Number         0  stubs.o ABSOLUTE
    _printf_wctomb                           0x00000000   Number         0  stubs.o ABSOLUTE
    _printf_widthprec                        0x00000000   Number         0  stubs.o ABSOLUTE
    _printf_x                                0x00000000   Number         0  stubs.o ABSOLUTE
    __cpp_initialize__aeabi_                  - Undefined Weak Reference
    __cxa_finalize                            - Undefined Weak Reference
    _clock_init                               - Undefined Weak Reference
    _microlib_exit                            - Undefined Weak Reference
    __Vectors_Size                           0x00000188   Number         0  startup_stm32f40_41xxx.o ABSOLUTE
    __Vectors                                0x08000000   Data           4  startup_stm32f40_41xxx.o(RESET)
    __Vectors_End                            0x08000188   Data           0  startup_stm32f40_41xxx.o(RESET)
    __main                                   0x08000189   Thumb Code     0  entry.o(.ARM.Collect$$$$00000000)
    _main_stk                                0x08000189   Thumb Code     0  entry2.o(.ARM.Collect$$$$00000001)
    _main_scatterload                        0x0800018d   Thumb Code     0  entry5.o(.ARM.Collect$$$$00000004)
    __main_after_scatterload                 0x08000191   Thumb Code     0  entry5.o(.ARM.Collect$$$$00000004)
    _main_clock                              0x08000191   Thumb Code     0  entry7b.o(.ARM.Collect$$$$00000008)
    _main_cpp_init                           0x08000191   Thumb Code     0  entry8b.o(.ARM.Collect$$$$0000000A)
    _main_init                               0x08000191   Thumb Code     0  entry9a.o(.ARM.Collect$$$$0000000B)
    __rt_final_cpp                           0x08000199   Thumb Code     0  entry10a.o(.ARM.Collect$$$$0000000D)
    __rt_final_exit                          0x08000199   Thumb Code     0  entry11a.o(.ARM.Collect$$$$0000000F)
    main                                     0x0800019d   Thumb Code  1382  main.o(.text)
    NMI_Handler                              0x08000721   Thumb Code     2  stm32f4xx_it.o(.text)
    HardFault_Handler                        0x08000723   Thumb Code     4  stm32f4xx_it.o(.text)
    MemManage_Handler                        0x08000727   Thumb Code     4  stm32f4xx_it.o(.text)
    BusFault_Handler                         0x0800072b   Thumb Code     4  stm32f4xx_it.o(.text)
    UsageFault_Handler                       0x0800072f   Thumb Code     4  stm32f4xx_it.o(.text)
    SVC_Handler                              0x08000733   Thumb Code     2  stm32f4xx_it.o(.text)
    DebugMon_Handler                         0x08000735   Thumb Code     2  stm32f4xx_it.o(.text)
    PendSV_Handler                           0x08000737   Thumb Code     2  stm32f4xx_it.o(.text)
    EXTI9_5_IRQHandler                       0x08000739   Thumb Code   112  stm32f4xx_it.o(.text)
    TIM2_IRQHandler                          0x080007a9   Thumb Code    22  stm32f4xx_it.o(.text)
    system_clk_set                           0x080007d5   Thumb Code   124  configuration.o(.text)
    rcc_configuration                        0x08000851   Thumb Code   232  configuration.o(.text)
    GPIO_Configuration                       0x08000939   Thumb Code    42  configuration.o(.text)
    gpio_config                              0x08000963   Thumb Code   890  configuration.o(.text)
    exti_config                              0x08000cdd   Thumb Code    60  configuration.o(.text)
    TIM2_Configuration                       0x08000d19   Thumb Code    80  configuration.o(.text)
    tim3_config                              0x08000d69   Thumb Code   108  configuration.o(.text)
    tim4_config                              0x08000dd5   Thumb Code   114  configuration.o(.text)
    tim1_config                              0x08000e47   Thumb Code    86  configuration.o(.text)
    USART_Configuration                      0x08000e9d   Thumb Code   200  configuration.o(.text)
    NVIC_Configuration                       0x08000f65   Thumb Code   220  configuration.o(.text)
    SPI_Configuration                        0x08001041   Thumb Code   136  configuration.o(.text)
    iic_configuration                        0x080010c9   Thumb Code    68  configuration.o(.text)
    fsmc_config                              0x0800110d   Thumb Code   120  configuration.o(.text)
    fputc                                    0x0800118d   Thumb Code    32  global.o(.text)
    fgetc                                    0x080011ad   Thumb Code    32  global.o(.text)
    uprintf                                  0x080011cd   Thumb Code   138  global.o(.text)
    delay_us                                 0x08001257   Thumb Code   116  global.o(.text)
    delay_ms                                 0x080012cb   Thumb Code   118  global.o(.text)
    tim3_pwm_set                             0x08001341   Thumb Code    76  global.o(.text)
    exti_color_disable                       0x0800138d   Thumb Code    42  global.o(.text)
    exti_color_enable                        0x080013b7   Thumb Code    42  global.o(.text)
    lcd_reg_read                             0x080013f1   Thumb Code    16  tftlcd.o(.text)
    lcd_reg_write                            0x08001401   Thumb Code    14  tftlcd.o(.text)
    lcd_wr_reg                               0x0800140f   Thumb Code    18  tftlcd.o(.text)
    lcd_wr_data                              0x08001421   Thumb Code    18  tftlcd.o(.text)
    lcd_rd_data                              0x08001433   Thumb Code    14  tftlcd.o(.text)
    lcd_ram_write                            0x08001441   Thumb Code     6  tftlcd.o(.text)
    lcd_ram_write_prepare                    0x08001447   Thumb Code    40  tftlcd.o(.text)
    lcd_set_cursor                           0x0800146f   Thumb Code    86  tftlcd.o(.text)
    lcd_clear                                0x080014c5   Thumb Code    36  tftlcd.o(.text)
    lcd_init                                 0x080014e9   Thumb Code  1866  tftlcd.o(.text)
    lcd_draw_point                           0x08001c33   Thumb Code    28  tftlcd.o(.text)
    lcd_draw_line                            0x08001c4f   Thumb Code    50  tftlcd.o(.text)
    lcd_show_char                            0x08001c81   Thumb Code   264  tftlcd.o(.text)
    lcd_show_string                          0x08001d89   Thumb Code   136  tftlcd.o(.text)
    list_init                                0x08001e11   Thumb Code    30  link_list.o(.text)
    list_clear                               0x08001e2f   Thumb Code    32  link_list.o(.text)
    list_get_length                          0x08001e4f   Thumb Code    20  link_list.o(.text)
    list_isempty                             0x08001e63   Thumb Code    16  link_list.o(.text)
    list_search                              0x08001e73   Thumb Code    32  link_list.o(.text)
    list_locate                              0x08001e93   Thumb Code    34  link_list.o(.text)
    list_insert                              0x08001eb5   Thumb Code    98  link_list.o(.text)
    list_remove                              0x08001f17   Thumb Code    62  link_list.o(.text)
    list_copy                                0x08001f55   Thumb Code   102  link_list.o(.text)
    list_print                               0x08001fbb   Thumb Code   104  link_list.o(.text)
    camera_create_image                      0x08002035   Thumb Code   104  camera.o(.text)
    camera_reg_write                         0x0800209d   Thumb Code   252  camera.o(.text)
    camera_init                              0x08002199   Thumb Code   650  camera.o(.text)
    camera_stop                              0x08002423   Thumb Code    14  camera.o(.text)
    camera_start                             0x08002431   Thumb Code   124  camera.o(.text)
    camera_reg_read                          0x080024ad   Thumb Code   330  camera.o(.text)
    camera_config                            0x080025f7   Thumb Code    66  camera.o(.text)
    ov2640_outsize_set                       0x08002639   Thumb Code   136  camera.o(.text)
    ov2640_window_set                        0x080026c1   Thumb Code   184  camera.o(.text)
    ov2640_imagewin_set                      0x08002779   Thumb Code   188  camera.o(.text)
    ov2640_imagesize_set                     0x08002835   Thumb Code    80  camera.o(.text)
    EXTI3_IRQHandler                         0x08002885   Thumb Code   164  camera.o(.text)
    TIM1_UP_TIM10_IRQHandler                 0x08002929   Thumb Code    72  camera.o(.text)
    DMA2_Stream1_IRQHandler                  0x08002971   Thumb Code   154  camera.o(.text)
    param_update_all                         0x08002a91   Thumb Code  1344  parameter.o(.text)
    param_switch                             0x08002fd1   Thumb Code   106  parameter.o(.text)
    param_list_reset                         0x0800303b   Thumb Code    34  parameter.o(.text)
    param_ld_from_flash                      0x0800305d   Thumb Code   132  parameter.o(.text)
    param_init                               0x080030e1   Thumb Code    54  parameter.o(.text)
    get_param_struct                         0x08003117   Thumb Code     8  parameter.o(.text)
    get_param_list                           0x0800311f   Thumb Code     6  parameter.o(.text)
    param_group_now                          0x08003125   Thumb Code     6  parameter.o(.text)
    param_print                              0x0800312b   Thumb Code    26  parameter.o(.text)
    param_set                                0x08003145   Thumb Code    88  parameter.o(.text)
    param_save_to_flash                      0x0800319d   Thumb Code   248  parameter.o(.text)
    cmd_init                                 0x0800335b   Thumb Code    56  cmd.o(.text)
    cmd_parse                                0x08003393   Thumb Code   138  cmd.o(.text)
    cmd_exec                                 0x0800341d   Thumb Code    92  cmd.o(.text)
    UART5_IRQHandler                         0x08003479   Thumb Code  1364  cmd.o(.text)
    cmd_help_func                            0x080039cd   Thumb Code    78  cmd.o(.text)
    cmd_param_func                           0x08003a71   Thumb Code   314  cmd_func.o(.text)
    cmd_reboot_func                          0x08003bab   Thumb Code    34  cmd_func.o(.text)
    cmd_sensor_func                          0x08003bcd   Thumb Code    40  cmd_func.o(.text)
    cmd_pwm_func                             0x08003bf5   Thumb Code   102  cmd_func.o(.text)
    cmd_gyro_func                            0x08003c5b   Thumb Code    56  cmd_func.o(.text)
    cmd_hello_func                           0x08003c93   Thumb Code    28  cmd_func.o(.text)
    mpu6050_reg_write                        0x08003d81   Thumb Code   256  mpu6050.o(.text)
    mpu6050_init                             0x08003e81   Thumb Code   716  mpu6050.o(.text)
    mpu6050_fast_init                        0x0800414d   Thumb Code   100  mpu6050.o(.text)
    mpu6050_reg_read                         0x080041b1   Thumb Code   344  mpu6050.o(.text)
    mpu6050_read_start                       0x08004309   Thumb Code   346  mpu6050.o(.text)
    mpu6050_cycleread_start                  0x08004463   Thumb Code    24  mpu6050.o(.text)
    mpu6050_cycleread_stop                   0x0800447b   Thumb Code    22  mpu6050.o(.text)
    mpu6050_gyro_reset                       0x08004491   Thumb Code    44  mpu6050.o(.text)
    mpu6050_set_gyro_adj                     0x080044bd   Thumb Code    12  mpu6050.o(.text)
    mpu6050_get_gyro_adj                     0x080044c9   Thumb Code    12  mpu6050.o(.text)
    mpu6050_gyro_adj_status                  0x080044d5   Thumb Code     6  mpu6050.o(.text)
    mpu6050_gyro_adj                         0x080044db   Thumb Code    68  mpu6050.o(.text)
    DMA1_Stream5_IRQHandler                  0x0800451f   Thumb Code  1400  mpu6050.o(.text)
    Reset_Handler                            0x08004ab1   Thumb Code     8  startup_stm32f40_41xxx.o(.text)
    SysTick_Handler                          0x08004ac9   Thumb Code     2  startup_stm32f40_41xxx.o(.text)
    ADC_IRQHandler                           0x08004acb   Thumb Code     0  startup_stm32f40_41xxx.o(.text)
    CAN1_RX0_IRQHandler                      0x08004acb   Thumb Code     0  startup_stm32f40_41xxx.o(.text)
    CAN1_RX1_IRQHandler                      0x08004acb   Thumb Code     0  startup_stm32f40_41xxx.o(.text)
    CAN1_SCE_IRQHandler                      0x08004acb   Thumb Code     0  startup_stm32f40_41xxx.o(.text)
    CAN1_TX_IRQHandler                       0x08004acb   Thumb Code     0  startup_stm32f40_41xxx.o(.text)
    CAN2_RX0_IRQHandler                      0x08004acb   Thumb Code     0  startup_stm32f40_41xxx.o(.text)
    CAN2_RX1_IRQHandler                      0x08004acb   Thumb Code     0  startup_stm32f40_41xxx.o(.text)
    CAN2_SCE_IRQHandler                      0x08004acb   Thumb Code     0  startup_stm32f40_41xxx.o(.text)
    CAN2_TX_IRQHandler                       0x08004acb   Thumb Code     0  startup_stm32f40_41xxx.o(.text)
    CRYP_IRQHandler                          0x08004acb   Thumb Code     0  startup_stm32f40_41xxx.o(.text)
    DCMI_IRQHandler                          0x08004acb   Thumb Code     0  startup_stm32f40_41xxx.o(.text)
    DMA1_Stream0_IRQHandler                  0x08004acb   Thumb Code     0  startup_stm32f40_41xxx.o(.text)
    DMA1_Stream1_IRQHandler                  0x08004acb   Thumb Code     0  startup_stm32f40_41xxx.o(.text)
    DMA1_Stream2_IRQHandler                  0x08004acb   Thumb Code     0  startup_stm32f40_41xxx.o(.text)
    DMA1_Stream3_IRQHandler                  0x08004acb   Thumb Code     0  startup_stm32f40_41xxx.o(.text)
    DMA1_Stream4_IRQHandler                  0x08004acb   Thumb Code     0  startup_stm32f40_41xxx.o(.text)
    DMA1_Stream6_IRQHandler                  0x08004acb   Thumb Code     0  startup_stm32f40_41xxx.o(.text)
    DMA1_Stream7_IRQHandler                  0x08004acb   Thumb Code     0  startup_stm32f40_41xxx.o(.text)
    DMA2_Stream0_IRQHandler                  0x08004acb   Thumb Code     0  startup_stm32f40_41xxx.o(.text)
    DMA2_Stream2_IRQHandler                  0x08004acb   Thumb Code     0  startup_stm32f40_41xxx.o(.text)
    DMA2_Stream3_IRQHandler                  0x08004acb   Thumb Code     0  startup_stm32f40_41xxx.o(.text)
    DMA2_Stream4_IRQHandler                  0x08004acb   Thumb Code     0  startup_stm32f40_41xxx.o(.text)
    DMA2_Stream5_IRQHandler                  0x08004acb   Thumb Code     0  startup_stm32f40_41xxx.o(.text)
    DMA2_Stream6_IRQHandler                  0x08004acb   Thumb Code     0  startup_stm32f40_41xxx.o(.text)
    DMA2_Stream7_IRQHandler                  0x08004acb   Thumb Code     0  startup_stm32f40_41xxx.o(.text)
    ETH_IRQHandler                           0x08004acb   Thumb Code     0  startup_stm32f40_41xxx.o(.text)
    ETH_WKUP_IRQHandler                      0x08004acb   Thumb Code     0  startup_stm32f40_41xxx.o(.text)
    EXTI0_IRQHandler                         0x08004acb   Thumb Code     0  startup_stm32f40_41xxx.o(.text)
    EXTI15_10_IRQHandler                     0x08004acb   Thumb Code     0  startup_stm32f40_41xxx.o(.text)
    EXTI1_IRQHandler                         0x08004acb   Thumb Code     0  startup_stm32f40_41xxx.o(.text)
    EXTI2_IRQHandler                         0x08004acb   Thumb Code     0  startup_stm32f40_41xxx.o(.text)
    EXTI4_IRQHandler                         0x08004acb   Thumb Code     0  startup_stm32f40_41xxx.o(.text)
    FLASH_IRQHandler                         0x08004acb   Thumb Code     0  startup_stm32f40_41xxx.o(.text)
    FPU_IRQHandler                           0x08004acb   Thumb Code     0  startup_stm32f40_41xxx.o(.text)
    FSMC_IRQHandler                          0x08004acb   Thumb Code     0  startup_stm32f40_41xxx.o(.text)
    HASH_RNG_IRQHandler                      0x08004acb   Thumb Code     0  startup_stm32f40_41xxx.o(.text)
    I2C1_ER_IRQHandler                       0x08004acb   Thumb Code     0  startup_stm32f40_41xxx.o(.text)
    I2C1_EV_IRQHandler                       0x08004acb   Thumb Code     0  startup_stm32f40_41xxx.o(.text)
    I2C2_ER_IRQHandler                       0x08004acb   Thumb Code     0  startup_stm32f40_41xxx.o(.text)
    I2C2_EV_IRQHandler                       0x08004acb   Thumb Code     0  startup_stm32f40_41xxx.o(.text)
    I2C3_ER_IRQHandler                       0x08004acb   Thumb Code     0  startup_stm32f40_41xxx.o(.text)
    I2C3_EV_IRQHandler                       0x08004acb   Thumb Code     0  startup_stm32f40_41xxx.o(.text)
    OTG_FS_IRQHandler                        0x08004acb   Thumb Code     0  startup_stm32f40_41xxx.o(.text)
    OTG_FS_WKUP_IRQHandler                   0x08004acb   Thumb Code     0  startup_stm32f40_41xxx.o(.text)
    OTG_HS_EP1_IN_IRQHandler                 0x08004acb   Thumb Code     0  startup_stm32f40_41xxx.o(.text)
    OTG_HS_EP1_OUT_IRQHandler                0x08004acb   Thumb Code     0  startup_stm32f40_41xxx.o(.text)
    OTG_HS_IRQHandler                        0x08004acb   Thumb Code     0  startup_stm32f40_41xxx.o(.text)
    OTG_HS_WKUP_IRQHandler                   0x08004acb   Thumb Code     0  startup_stm32f40_41xxx.o(.text)
    PVD_IRQHandler                           0x08004acb   Thumb Code     0  startup_stm32f40_41xxx.o(.text)
    RCC_IRQHandler                           0x08004acb   Thumb Code     0  startup_stm32f40_41xxx.o(.text)
    RTC_Alarm_IRQHandler                     0x08004acb   Thumb Code     0  startup_stm32f40_41xxx.o(.text)
    RTC_WKUP_IRQHandler                      0x08004acb   Thumb Code     0  startup_stm32f40_41xxx.o(.text)
    SDIO_IRQHandler                          0x08004acb   Thumb Code     0  startup_stm32f40_41xxx.o(.text)
    SPI1_IRQHandler                          0x08004acb   Thumb Code     0  startup_stm32f40_41xxx.o(.text)
    SPI2_IRQHandler                          0x08004acb   Thumb Code     0  startup_stm32f40_41xxx.o(.text)
    SPI3_IRQHandler                          0x08004acb   Thumb Code     0  startup_stm32f40_41xxx.o(.text)
    TAMP_STAMP_IRQHandler                    0x08004acb   Thumb Code     0  startup_stm32f40_41xxx.o(.text)
    TIM1_BRK_TIM9_IRQHandler                 0x08004acb   Thumb Code     0  startup_stm32f40_41xxx.o(.text)
    TIM1_CC_IRQHandler                       0x08004acb   Thumb Code     0  startup_stm32f40_41xxx.o(.text)
    TIM1_TRG_COM_TIM11_IRQHandler            0x08004acb   Thumb Code     0  startup_stm32f40_41xxx.o(.text)
    TIM3_IRQHandler                          0x08004acb   Thumb Code     0  startup_stm32f40_41xxx.o(.text)
    TIM4_IRQHandler                          0x08004acb   Thumb Code     0  startup_stm32f40_41xxx.o(.text)
    TIM5_IRQHandler                          0x08004acb   Thumb Code     0  startup_stm32f40_41xxx.o(.text)
    TIM6_DAC_IRQHandler                      0x08004acb   Thumb Code     0  startup_stm32f40_41xxx.o(.text)
    TIM7_IRQHandler                          0x08004acb   Thumb Code     0  startup_stm32f40_41xxx.o(.text)
    TIM8_BRK_TIM12_IRQHandler                0x08004acb   Thumb Code     0  startup_stm32f40_41xxx.o(.text)
    TIM8_CC_IRQHandler                       0x08004acb   Thumb Code     0  startup_stm32f40_41xxx.o(.text)
    TIM8_TRG_COM_TIM14_IRQHandler            0x08004acb   Thumb Code     0  startup_stm32f40_41xxx.o(.text)
    TIM8_UP_TIM13_IRQHandler                 0x08004acb   Thumb Code     0  startup_stm32f40_41xxx.o(.text)
    UART4_IRQHandler                         0x08004acb   Thumb Code     0  startup_stm32f40_41xxx.o(.text)
    USART1_IRQHandler                        0x08004acb   Thumb Code     0  startup_stm32f40_41xxx.o(.text)
    USART2_IRQHandler                        0x08004acb   Thumb Code     0  startup_stm32f40_41xxx.o(.text)
    USART3_IRQHandler                        0x08004acb   Thumb Code     0  startup_stm32f40_41xxx.o(.text)
    USART6_IRQHandler                        0x08004acb   Thumb Code     0  startup_stm32f40_41xxx.o(.text)
    WWDG_IRQHandler                          0x08004acb   Thumb Code     0  startup_stm32f40_41xxx.o(.text)
    SystemInit                               0x08004baf   Thumb Code    88  system_stm32f4xx.o(.text)
    SystemCoreClockUpdate                    0x08004c07   Thumb Code   174  system_stm32f4xx.o(.text)
    NVIC_PriorityGroupConfig                 0x08004ce1   Thumb Code    10  misc.o(.text)
    NVIC_Init                                0x08004ceb   Thumb Code   108  misc.o(.text)
    NVIC_SetVectorTable                      0x08004d57   Thumb Code    14  misc.o(.text)
    NVIC_SystemLPConfig                      0x08004d65   Thumb Code    34  misc.o(.text)
    SysTick_CLKSourceConfig                  0x08004d87   Thumb Code    40  misc.o(.text)
    DMA_DeInit                               0x08004dc5   Thumb Code   324  stm32f4xx_dma.o(.text)
    DMA_Init                                 0x08004f09   Thumb Code    82  stm32f4xx_dma.o(.text)
    DMA_StructInit                           0x08004f5b   Thumb Code    34  stm32f4xx_dma.o(.text)
    DMA_Cmd                                  0x08004f7d   Thumb Code    22  stm32f4xx_dma.o(.text)
    DMA_PeriphIncOffsetSizeConfig            0x08004f93   Thumb Code    22  stm32f4xx_dma.o(.text)
    DMA_FlowControllerConfig                 0x08004fa9   Thumb Code    22  stm32f4xx_dma.o(.text)
    DMA_SetCurrDataCounter                   0x08004fbf   Thumb Code     4  stm32f4xx_dma.o(.text)
    DMA_GetCurrDataCounter                   0x08004fc3   Thumb Code     8  stm32f4xx_dma.o(.text)
    DMA_DoubleBufferModeConfig               0x08004fcb   Thumb Code    24  stm32f4xx_dma.o(.text)
    DMA_DoubleBufferModeCmd                  0x08004fe3   Thumb Code    22  stm32f4xx_dma.o(.text)
    DMA_MemoryTargetConfig                   0x08004ff9   Thumb Code    10  stm32f4xx_dma.o(.text)
    DMA_GetCurrentMemoryTarget               0x08005003   Thumb Code    20  stm32f4xx_dma.o(.text)
    DMA_GetCmdStatus                         0x08005017   Thumb Code    20  stm32f4xx_dma.o(.text)
    DMA_GetFIFOStatus                        0x0800502b   Thumb Code    12  stm32f4xx_dma.o(.text)
    DMA_GetFlagStatus                        0x08005037   Thumb Code    54  stm32f4xx_dma.o(.text)
    DMA_ClearFlag                            0x0800506d   Thumb Code    40  stm32f4xx_dma.o(.text)
    DMA_ITConfig                             0x08005095   Thumb Code    58  stm32f4xx_dma.o(.text)
    DMA_GetITStatus                          0x080050cf   Thumb Code    82  stm32f4xx_dma.o(.text)
    DMA_ClearITPendingBit                    0x08005121   Thumb Code    40  stm32f4xx_dma.o(.text)
    EXTI_DeInit                              0x08005169   Thumb Code    28  stm32f4xx_exti.o(.text)
    EXTI_Init                                0x08005185   Thumb Code   142  stm32f4xx_exti.o(.text)
    EXTI_StructInit                          0x08005213   Thumb Code    16  stm32f4xx_exti.o(.text)
    EXTI_GenerateSWInterrupt                 0x08005223   Thumb Code    16  stm32f4xx_exti.o(.text)
    EXTI_GetFlagStatus                       0x08005233   Thumb Code    22  stm32f4xx_exti.o(.text)
    EXTI_ClearFlag                           0x08005249   Thumb Code     8  stm32f4xx_exti.o(.text)
    EXTI_GetITStatus                         0x08005251   Thumb Code    22  stm32f4xx_exti.o(.text)
    EXTI_ClearITPendingBit                   0x08005267   Thumb Code     8  stm32f4xx_exti.o(.text)
    FLASH_SetLatency                         0x08005279   Thumb Code     6  stm32f4xx_flash.o(.text)
    FLASH_PrefetchBufferCmd                  0x0800527f   Thumb Code    30  stm32f4xx_flash.o(.text)
    FLASH_InstructionCacheCmd                0x0800529d   Thumb Code    30  stm32f4xx_flash.o(.text)
    FLASH_DataCacheCmd                       0x080052bb   Thumb Code    30  stm32f4xx_flash.o(.text)
    FLASH_InstructionCacheReset              0x080052d9   Thumb Code    14  stm32f4xx_flash.o(.text)
    FLASH_DataCacheReset                     0x080052e7   Thumb Code    14  stm32f4xx_flash.o(.text)
    FLASH_Unlock                             0x080052f5   Thumb Code    26  stm32f4xx_flash.o(.text)
    FLASH_Lock                               0x0800530f   Thumb Code    18  stm32f4xx_flash.o(.text)
    FLASH_GetStatus                          0x08005321   Thumb Code    90  stm32f4xx_flash.o(.text)
    FLASH_WaitForLastOperation               0x0800537b   Thumb Code    34  stm32f4xx_flash.o(.text)
    FLASH_EraseSector                        0x0800539d   Thumb Code   140  stm32f4xx_flash.o(.text)
    FLASH_EraseAllSectors                    0x08005429   Thumb Code   112  stm32f4xx_flash.o(.text)
    FLASH_EraseAllBank1Sectors               0x08005499   Thumb Code   112  stm32f4xx_flash.o(.text)
    FLASH_EraseAllBank2Sectors               0x08005509   Thumb Code   112  stm32f4xx_flash.o(.text)
    FLASH_ProgramDoubleWord                  0x08005579   Thumb Code    88  stm32f4xx_flash.o(.text)
    FLASH_ProgramWord                        0x080055d1   Thumb Code    82  stm32f4xx_flash.o(.text)
    FLASH_ProgramHalfWord                    0x08005623   Thumb Code    94  stm32f4xx_flash.o(.text)
    FLASH_ProgramByte                        0x08005681   Thumb Code    70  stm32f4xx_flash.o(.text)
    FLASH_OB_Unlock                          0x080056c7   Thumb Code    26  stm32f4xx_flash.o(.text)
    FLASH_OB_Lock                            0x080056e1   Thumb Code    18  stm32f4xx_flash.o(.text)
    FLASH_OB_WRPConfig                       0x080056f3   Thumb Code    54  stm32f4xx_flash.o(.text)
    FLASH_OB_WRP1Config                      0x08005729   Thumb Code    54  stm32f4xx_flash.o(.text)
    FLASH_OB_PCROPSelectionConfig            0x0800575f   Thumb Code    24  stm32f4xx_flash.o(.text)
    FLASH_OB_PCROPConfig                     0x08005777   Thumb Code    54  stm32f4xx_flash.o(.text)
    FLASH_OB_PCROP1Config                    0x080057ad   Thumb Code    54  stm32f4xx_flash.o(.text)
    FLASH_OB_RDPConfig                       0x080057e3   Thumb Code    24  stm32f4xx_flash.o(.text)
    FLASH_OB_UserConfig                      0x080057fb   Thumb Code    46  stm32f4xx_flash.o(.text)
    FLASH_OB_BootConfig                      0x08005829   Thumb Code    26  stm32f4xx_flash.o(.text)
    FLASH_OB_BORConfig                       0x08005843   Thumb Code    26  stm32f4xx_flash.o(.text)
    FLASH_OB_Launch                          0x0800585d   Thumb Code    30  stm32f4xx_flash.o(.text)
    FLASH_OB_GetUser                         0x0800587b   Thumb Code    12  stm32f4xx_flash.o(.text)
    FLASH_OB_GetWRP                          0x08005887   Thumb Code     8  stm32f4xx_flash.o(.text)
    FLASH_OB_GetWRP1                         0x0800588f   Thumb Code     8  stm32f4xx_flash.o(.text)
    FLASH_OB_GetPCROP                        0x08005897   Thumb Code     8  stm32f4xx_flash.o(.text)
    FLASH_OB_GetPCROP1                       0x0800589f   Thumb Code     8  stm32f4xx_flash.o(.text)
    FLASH_OB_GetRDP                          0x080058a7   Thumb Code    20  stm32f4xx_flash.o(.text)
    FLASH_OB_GetBOR                          0x080058bb   Thumb Code    12  stm32f4xx_flash.o(.text)
    FLASH_ITConfig                           0x080058c7   Thumb Code    26  stm32f4xx_flash.o(.text)
    FLASH_GetFlagStatus                      0x080058e1   Thumb Code    22  stm32f4xx_flash.o(.text)
    FLASH_ClearFlag                          0x080058f7   Thumb Code     8  stm32f4xx_flash.o(.text)
    FSMC_NORSRAMDeInit                       0x0800590d   Thumb Code    56  stm32f4xx_fsmc.o(.text)
    FSMC_NORSRAMInit                         0x08005945   Thumb Code   224  stm32f4xx_fsmc.o(.text)
    FSMC_NORSRAMStructInit                   0x08005a25   Thumb Code    48  stm32f4xx_fsmc.o(.text)
    FSMC_NORSRAMCmd                          0x08005a55   Thumb Code    46  stm32f4xx_fsmc.o(.text)
    FSMC_NANDDeInit                          0x08005a83   Thumb Code    62  stm32f4xx_fsmc.o(.text)
    FSMC_NANDInit                            0x08005ac1   Thumb Code   130  stm32f4xx_fsmc.o(.text)
    FSMC_NANDStructInit                      0x08005b43   Thumb Code    54  stm32f4xx_fsmc.o(.text)
    FSMC_NANDCmd                             0x08005b79   Thumb Code    86  stm32f4xx_fsmc.o(.text)
    FSMC_NANDECCCmd                          0x08005bcf   Thumb Code    86  stm32f4xx_fsmc.o(.text)
    FSMC_GetECC                              0x08005c25   Thumb Code    22  stm32f4xx_fsmc.o(.text)
    FSMC_PCCARDDeInit                        0x08005c3b   Thumb Code    40  stm32f4xx_fsmc.o(.text)
    FSMC_PCCARDInit                          0x08005c63   Thumb Code   124  stm32f4xx_fsmc.o(.text)
    FSMC_PCCARDStructInit                    0x08005cdf   Thumb Code    60  stm32f4xx_fsmc.o(.text)
    FSMC_PCCARDCmd                           0x08005d1b   Thumb Code    40  stm32f4xx_fsmc.o(.text)
    FSMC_ITConfig                            0x08005d43   Thumb Code   128  stm32f4xx_fsmc.o(.text)
    FSMC_GetFlagStatus                       0x08005dc3   Thumb Code    48  stm32f4xx_fsmc.o(.text)
    FSMC_ClearFlag                           0x08005df3   Thumb Code   114  stm32f4xx_fsmc.o(.text)
    FSMC_GetITStatus                         0x08005e65   Thumb Code    60  stm32f4xx_fsmc.o(.text)
    FSMC_ClearITPendingBit                   0x08005ea1   Thumb Code    64  stm32f4xx_fsmc.o(.text)
    GPIO_DeInit                              0x08005ee9   Thumb Code   268  stm32f4xx_gpio.o(.text)
    GPIO_Init                                0x08005ff5   Thumb Code   144  stm32f4xx_gpio.o(.text)
    GPIO_StructInit                          0x08006085   Thumb Code    18  stm32f4xx_gpio.o(.text)
    GPIO_PinLockConfig                       0x08006097   Thumb Code    34  stm32f4xx_gpio.o(.text)
    GPIO_ReadInputDataBit                    0x080060b9   Thumb Code    18  stm32f4xx_gpio.o(.text)
    GPIO_ReadInputData                       0x080060cb   Thumb Code     8  stm32f4xx_gpio.o(.text)
    GPIO_ReadOutputDataBit                   0x080060d3   Thumb Code    18  stm32f4xx_gpio.o(.text)
    GPIO_ReadOutputData                      0x080060e5   Thumb Code     8  stm32f4xx_gpio.o(.text)
    GPIO_SetBits                             0x080060ed   Thumb Code     4  stm32f4xx_gpio.o(.text)
    GPIO_ResetBits                           0x080060f1   Thumb Code     4  stm32f4xx_gpio.o(.text)
    GPIO_WriteBit                            0x080060f5   Thumb Code    10  stm32f4xx_gpio.o(.text)
    GPIO_Write                               0x080060ff   Thumb Code     4  stm32f4xx_gpio.o(.text)
    GPIO_ToggleBits                          0x08006103   Thumb Code     8  stm32f4xx_gpio.o(.text)
    GPIO_PinAFConfig                         0x0800610b   Thumb Code    70  stm32f4xx_gpio.o(.text)
    I2C_DeInit                               0x0800617d   Thumb Code    82  stm32f4xx_i2c.o(.text)
    I2C_Init                                 0x080061cf   Thumb Code   218  stm32f4xx_i2c.o(.text)
    I2C_StructInit                           0x080062a9   Thumb Code    30  stm32f4xx_i2c.o(.text)
    I2C_Cmd                                  0x080062c7   Thumb Code    24  stm32f4xx_i2c.o(.text)
    I2C_AnalogFilterCmd                      0x080062df   Thumb Code    24  stm32f4xx_i2c.o(.text)
    I2C_DigitalFilterConfig                  0x080062f7   Thumb Code    22  stm32f4xx_i2c.o(.text)
    I2C_GenerateSTART                        0x0800630d   Thumb Code    24  stm32f4xx_i2c.o(.text)
    I2C_GenerateSTOP                         0x08006325   Thumb Code    24  stm32f4xx_i2c.o(.text)
    I2C_Send7bitAddress                      0x0800633d   Thumb Code    16  stm32f4xx_i2c.o(.text)
    I2C_AcknowledgeConfig                    0x0800634d   Thumb Code    24  stm32f4xx_i2c.o(.text)
    I2C_OwnAddress2Config                    0x08006365   Thumb Code    22  stm32f4xx_i2c.o(.text)
    I2C_DualAddressCmd                       0x0800637b   Thumb Code    24  stm32f4xx_i2c.o(.text)
    I2C_GeneralCallCmd                       0x08006393   Thumb Code    24  stm32f4xx_i2c.o(.text)
    I2C_SoftwareResetCmd                     0x080063ab   Thumb Code    22  stm32f4xx_i2c.o(.text)
    I2C_StretchClockCmd                      0x080063c1   Thumb Code    24  stm32f4xx_i2c.o(.text)
    I2C_FastModeDutyCycleConfig              0x080063d9   Thumb Code    28  stm32f4xx_i2c.o(.text)
    I2C_NACKPositionConfig                   0x080063f5   Thumb Code    28  stm32f4xx_i2c.o(.text)
    I2C_SMBusAlertConfig                     0x08006411   Thumb Code    28  stm32f4xx_i2c.o(.text)
    I2C_ARPCmd                               0x0800642d   Thumb Code    24  stm32f4xx_i2c.o(.text)
    I2C_SendData                             0x08006445   Thumb Code     4  stm32f4xx_i2c.o(.text)
    I2C_ReceiveData                          0x08006449   Thumb Code     8  stm32f4xx_i2c.o(.text)
    I2C_TransmitPEC                          0x08006451   Thumb Code    24  stm32f4xx_i2c.o(.text)
    I2C_PECPositionConfig                    0x08006469   Thumb Code    28  stm32f4xx_i2c.o(.text)
    I2C_CalculatePEC                         0x08006485   Thumb Code    24  stm32f4xx_i2c.o(.text)
    I2C_GetPEC                               0x0800649d   Thumb Code     8  stm32f4xx_i2c.o(.text)
    I2C_DMACmd                               0x080064a5   Thumb Code    24  stm32f4xx_i2c.o(.text)
    I2C_DMALastTransferCmd                   0x080064bd   Thumb Code    24  stm32f4xx_i2c.o(.text)
    I2C_ReadRegister                         0x080064d5   Thumb Code    22  stm32f4xx_i2c.o(.text)
    I2C_ITConfig                             0x080064eb   Thumb Code    18  stm32f4xx_i2c.o(.text)
    I2C_CheckEvent                           0x080064fd   Thumb Code    42  stm32f4xx_i2c.o(.text)
    I2C_GetLastEvent                         0x08006527   Thumb Code    26  stm32f4xx_i2c.o(.text)
    I2C_GetFlagStatus                        0x08006541   Thumb Code    84  stm32f4xx_i2c.o(.text)
    I2C_ClearFlag                            0x08006595   Thumb Code    12  stm32f4xx_i2c.o(.text)
    I2C_GetITStatus                          0x080065a1   Thumb Code    38  stm32f4xx_i2c.o(.text)
    I2C_ClearITPendingBit                    0x080065c7   Thumb Code    12  stm32f4xx_i2c.o(.text)
    RCC_DeInit                               0x080065d5   Thumb Code    82  stm32f4xx_rcc.o(.text)
    RCC_HSEConfig                            0x08006627   Thumb Code    14  stm32f4xx_rcc.o(.text)
    RCC_GetFlagStatus                        0x08006635   Thumb Code    60  stm32f4xx_rcc.o(.text)
    RCC_WaitForHSEStartUp                    0x08006671   Thumb Code    56  stm32f4xx_rcc.o(.text)
    RCC_AdjustHSICalibrationValue            0x080066a9   Thumb Code    20  stm32f4xx_rcc.o(.text)
    RCC_HSICmd                               0x080066bd   Thumb Code     6  stm32f4xx_rcc.o(.text)
    RCC_LSEConfig                            0x080066c3   Thumb Code    46  stm32f4xx_rcc.o(.text)
    RCC_LSICmd                               0x080066f1   Thumb Code     6  stm32f4xx_rcc.o(.text)
    RCC_PLLConfig                            0x080066f7   Thumb Code    32  stm32f4xx_rcc.o(.text)
    RCC_PLLCmd                               0x08006717   Thumb Code     6  stm32f4xx_rcc.o(.text)
    RCC_PLLI2SConfig                         0x0800671d   Thumb Code    14  stm32f4xx_rcc.o(.text)
    RCC_PLLI2SCmd                            0x0800672b   Thumb Code     6  stm32f4xx_rcc.o(.text)
    RCC_PLLSAIConfig                         0x08006731   Thumb Code    20  stm32f4xx_rcc.o(.text)
    RCC_PLLSAICmd                            0x08006745   Thumb Code     6  stm32f4xx_rcc.o(.text)
    RCC_ClockSecuritySystemCmd               0x0800674b   Thumb Code     6  stm32f4xx_rcc.o(.text)
    RCC_MCO1Config                           0x08006751   Thumb Code    28  stm32f4xx_rcc.o(.text)
    RCC_MCO2Config                           0x0800676d   Thumb Code    28  stm32f4xx_rcc.o(.text)
    RCC_SYSCLKConfig                         0x08006789   Thumb Code    20  stm32f4xx_rcc.o(.text)
    RCC_GetSYSCLKSource                      0x0800679d   Thumb Code    12  stm32f4xx_rcc.o(.text)
    RCC_HCLKConfig                           0x080067a9   Thumb Code    20  stm32f4xx_rcc.o(.text)
    RCC_PCLK1Config                          0x080067bd   Thumb Code    20  stm32f4xx_rcc.o(.text)
    RCC_PCLK2Config                          0x080067d1   Thumb Code    22  stm32f4xx_rcc.o(.text)
    RCC_GetClocksFreq                        0x080067e7   Thumb Code   222  stm32f4xx_rcc.o(.text)
    RCC_RTCCLKConfig                         0x080068c5   Thumb Code    54  stm32f4xx_rcc.o(.text)
    RCC_RTCCLKCmd                            0x080068fb   Thumb Code     8  stm32f4xx_rcc.o(.text)
    RCC_BackupResetCmd                       0x08006903   Thumb Code     8  stm32f4xx_rcc.o(.text)
    RCC_I2SCLKConfig                         0x0800690b   Thumb Code     6  stm32f4xx_rcc.o(.text)
    RCC_SAIPLLI2SClkDivConfig                0x08006911   Thumb Code    26  stm32f4xx_rcc.o(.text)
    RCC_SAIPLLSAIClkDivConfig                0x0800692b   Thumb Code    28  stm32f4xx_rcc.o(.text)
    RCC_SAIBlockACLKConfig                   0x08006947   Thumb Code    20  stm32f4xx_rcc.o(.text)
    RCC_SAIBlockBCLKConfig                   0x0800695b   Thumb Code    20  stm32f4xx_rcc.o(.text)
    RCC_LTDCCLKDivConfig                     0x0800696f   Thumb Code    20  stm32f4xx_rcc.o(.text)
    RCC_TIMCLKPresConfig                     0x08006983   Thumb Code     6  stm32f4xx_rcc.o(.text)
    RCC_AHB1PeriphClockCmd                   0x08006989   Thumb Code    34  stm32f4xx_rcc.o(.text)
    RCC_AHB2PeriphClockCmd                   0x080069ab   Thumb Code    78  stm32f4xx_rcc.o(.text)
    RCC_AHB3PeriphClockCmd                   0x080069f9   Thumb Code    34  stm32f4xx_rcc.o(.text)
    RCC_APB1PeriphClockCmd                   0x08006a1b   Thumb Code    34  stm32f4xx_rcc.o(.text)
    RCC_APB2PeriphClockCmd                   0x08006a3d   Thumb Code    34  stm32f4xx_rcc.o(.text)
    RCC_AHB1PeriphResetCmd                   0x08006a5f   Thumb Code    34  stm32f4xx_rcc.o(.text)
    RCC_AHB2PeriphResetCmd                   0x08006a81   Thumb Code    34  stm32f4xx_rcc.o(.text)
    RCC_AHB3PeriphResetCmd                   0x08006aa3   Thumb Code    34  stm32f4xx_rcc.o(.text)
    RCC_APB1PeriphResetCmd                   0x08006ac5   Thumb Code    34  stm32f4xx_rcc.o(.text)
    RCC_APB2PeriphResetCmd                   0x08006ae7   Thumb Code    34  stm32f4xx_rcc.o(.text)
    RCC_AHB1PeriphClockLPModeCmd             0x08006b09   Thumb Code    34  stm32f4xx_rcc.o(.text)
    RCC_AHB2PeriphClockLPModeCmd             0x08006b2b   Thumb Code    34  stm32f4xx_rcc.o(.text)
    RCC_AHB3PeriphClockLPModeCmd             0x08006b4d   Thumb Code    34  stm32f4xx_rcc.o(.text)
    RCC_APB1PeriphClockLPModeCmd             0x08006b6f   Thumb Code    34  stm32f4xx_rcc.o(.text)
    RCC_APB2PeriphClockLPModeCmd             0x08006b91   Thumb Code    34  stm32f4xx_rcc.o(.text)
    RCC_LSEModeConfig                        0x08006bb3   Thumb Code    40  stm32f4xx_rcc.o(.text)
    RCC_ITConfig                             0x08006bdb   Thumb Code    34  stm32f4xx_rcc.o(.text)
    RCC_ClearFlag                            0x08006bfd   Thumb Code    18  stm32f4xx_rcc.o(.text)
    RCC_GetITStatus                          0x08006c0f   Thumb Code    22  stm32f4xx_rcc.o(.text)
    RCC_ClearITPendingBit                    0x08006c25   Thumb Code     8  stm32f4xx_rcc.o(.text)
    SPI_I2S_DeInit                           0x08006c31   Thumb Code   152  stm32f4xx_spi.o(.text)
    SPI_Init                                 0x08006cc9   Thumb Code    60  stm32f4xx_spi.o(.text)
    I2S_Init                                 0x08006d05   Thumb Code   392  stm32f4xx_spi.o(.text)
    SPI_StructInit                           0x08006e8d   Thumb Code    24  stm32f4xx_spi.o(.text)
    I2S_StructInit                           0x08006ea5   Thumb Code    20  stm32f4xx_spi.o(.text)
    SPI_Cmd                                  0x08006eb9   Thumb Code    24  stm32f4xx_spi.o(.text)
    I2S_Cmd                                  0x08006ed1   Thumb Code    24  stm32f4xx_spi.o(.text)
    SPI_DataSizeConfig                       0x08006ee9   Thumb Code    18  stm32f4xx_spi.o(.text)
    SPI_BiDirectionalLineConfig              0x08006efb   Thumb Code    28  stm32f4xx_spi.o(.text)
    SPI_NSSInternalSoftwareConfig            0x08006f17   Thumb Code    30  stm32f4xx_spi.o(.text)
    SPI_SSOutputCmd                          0x08006f35   Thumb Code    24  stm32f4xx_spi.o(.text)
    SPI_TIModeCmd                            0x08006f4d   Thumb Code    24  stm32f4xx_spi.o(.text)
    I2S_FullDuplexConfig                     0x08006f65   Thumb Code    80  stm32f4xx_spi.o(.text)
    SPI_I2S_ReceiveData                      0x08006fb5   Thumb Code     6  stm32f4xx_spi.o(.text)
    SPI_I2S_SendData                         0x08006fbb   Thumb Code     4  stm32f4xx_spi.o(.text)
    SPI_CalculateCRC                         0x08006fbf   Thumb Code    24  stm32f4xx_spi.o(.text)
    SPI_TransmitCRC                          0x08006fd7   Thumb Code    10  stm32f4xx_spi.o(.text)
    SPI_GetCRC                               0x08006fe1   Thumb Code    16  stm32f4xx_spi.o(.text)
    SPI_GetCRCPolynomial                     0x08006ff1   Thumb Code     6  stm32f4xx_spi.o(.text)
    SPI_I2S_DMACmd                           0x08006ff7   Thumb Code    18  stm32f4xx_spi.o(.text)
    SPI_I2S_ITConfig                         0x08007009   Thumb Code    68  stm32f4xx_spi.o(.text)
    SPI_I2S_GetFlagStatus                    0x0800704d   Thumb Code    18  stm32f4xx_spi.o(.text)
    SPI_I2S_ClearFlag                        0x0800705f   Thumb Code     6  stm32f4xx_spi.o(.text)
    SPI_I2S_GetITStatus                      0x08007065   Thumb Code    52  stm32f4xx_spi.o(.text)
    SPI_I2S_ClearITPendingBit                0x08007099   Thumb Code    20  stm32f4xx_spi.o(.text)
    SYSCFG_DeInit                            0x080070ad   Thumb Code    22  stm32f4xx_syscfg.o(.text)
    SYSCFG_MemoryRemapConfig                 0x080070c3   Thumb Code     6  stm32f4xx_syscfg.o(.text)
    SYSCFG_MemorySwappingBank                0x080070c9   Thumb Code     6  stm32f4xx_syscfg.o(.text)
    SYSCFG_EXTILineConfig                    0x080070cf   Thumb Code    66  stm32f4xx_syscfg.o(.text)
    SYSCFG_ETH_MediaInterfaceConfig          0x08007111   Thumb Code     6  stm32f4xx_syscfg.o(.text)
    SYSCFG_CompensationCellCmd               0x08007117   Thumb Code     6  stm32f4xx_syscfg.o(.text)
    SYSCFG_GetCompensationCellStatus         0x0800711d   Thumb Code    22  stm32f4xx_syscfg.o(.text)
    TIM_DeInit                               0x08007145   Thumb Code   346  stm32f4xx_tim.o(.text)
    TIM_TimeBaseInit                         0x0800729f   Thumb Code   104  stm32f4xx_tim.o(.text)
    TIM_TimeBaseStructInit                   0x08007307   Thumb Code    18  stm32f4xx_tim.o(.text)
    TIM_PrescalerConfig                      0x08007319   Thumb Code     6  stm32f4xx_tim.o(.text)
    TIM_CounterModeConfig                    0x0800731f   Thumb Code    18  stm32f4xx_tim.o(.text)
    TIM_SetCounter                           0x08007331   Thumb Code     4  stm32f4xx_tim.o(.text)
    TIM_SetAutoreload                        0x08007335   Thumb Code     4  stm32f4xx_tim.o(.text)
    TIM_GetCounter                           0x08007339   Thumb Code     6  stm32f4xx_tim.o(.text)
    TIM_GetPrescaler                         0x0800733f   Thumb Code     6  stm32f4xx_tim.o(.text)
    TIM_UpdateDisableConfig                  0x08007345   Thumb Code    24  stm32f4xx_tim.o(.text)
    TIM_UpdateRequestConfig                  0x0800735d   Thumb Code    24  stm32f4xx_tim.o(.text)
    TIM_ARRPreloadConfig                     0x08007375   Thumb Code    24  stm32f4xx_tim.o(.text)
    TIM_SelectOnePulseMode                   0x0800738d   Thumb Code    18  stm32f4xx_tim.o(.text)
    TIM_SetClockDivision                     0x0800739f   Thumb Code    18  stm32f4xx_tim.o(.text)
    TIM_Cmd                                  0x080073b1   Thumb Code    24  stm32f4xx_tim.o(.text)
    TIM_OC1Init                              0x080073c9   Thumb Code   114  stm32f4xx_tim.o(.text)
    TIM_OC2Init                              0x0800743b   Thumb Code   154  stm32f4xx_tim.o(.text)
    TIM_OC3Init                              0x080074d5   Thumb Code   204  stm32f4xx_tim.o(.text)
    TIM_OC4Init                              0x080075a1   Thumb Code   112  stm32f4xx_tim.o(.text)
    TIM_OCStructInit                         0x08007611   Thumb Code    20  stm32f4xx_tim.o(.text)
    TIM_SelectOCxM                           0x08007625   Thumb Code    86  stm32f4xx_tim.o(.text)
    TIM_SetCompare1                          0x0800767b   Thumb Code     4  stm32f4xx_tim.o(.text)
    TIM_SetCompare2                          0x0800767f   Thumb Code     4  stm32f4xx_tim.o(.text)
    TIM_SetCompare3                          0x08007683   Thumb Code     4  stm32f4xx_tim.o(.text)
    TIM_SetCompare4                          0x08007687   Thumb Code     4  stm32f4xx_tim.o(.text)
    TIM_ForcedOC1Config                      0x0800768b   Thumb Code    18  stm32f4xx_tim.o(.text)
    TIM_ForcedOC2Config                      0x0800769d   Thumb Code    26  stm32f4xx_tim.o(.text)
    TIM_ForcedOC3Config                      0x080076b7   Thumb Code    18  stm32f4xx_tim.o(.text)
    TIM_ForcedOC4Config                      0x080076c9   Thumb Code    26  stm32f4xx_tim.o(.text)
    TIM_OC1PreloadConfig                     0x080076e3   Thumb Code    18  stm32f4xx_tim.o(.text)
    TIM_OC2PreloadConfig                     0x080076f5   Thumb Code    26  stm32f4xx_tim.o(.text)
    TIM_OC3PreloadConfig                     0x0800770f   Thumb Code    18  stm32f4xx_tim.o(.text)
    TIM_OC4PreloadConfig                     0x08007721   Thumb Code    26  stm32f4xx_tim.o(.text)
    TIM_OC1FastConfig                        0x0800773b   Thumb Code    18  stm32f4xx_tim.o(.text)
    TIM_OC2FastConfig                        0x0800774d   Thumb Code    26  stm32f4xx_tim.o(.text)
    TIM_OC3FastConfig                        0x08007767   Thumb Code    18  stm32f4xx_tim.o(.text)
    TIM_OC4FastConfig                        0x08007779   Thumb Code    26  stm32f4xx_tim.o(.text)
    TIM_ClearOC1Ref                          0x08007793   Thumb Code    18  stm32f4xx_tim.o(.text)
    TIM_ClearOC2Ref                          0x080077a5   Thumb Code    24  stm32f4xx_tim.o(.text)
    TIM_ClearOC3Ref                          0x080077bd   Thumb Code    18  stm32f4xx_tim.o(.text)
    TIM_ClearOC4Ref                          0x080077cf   Thumb Code    24  stm32f4xx_tim.o(.text)
    TIM_OC1PolarityConfig                    0x080077e7   Thumb Code    18  stm32f4xx_tim.o(.text)
    TIM_OC1NPolarityConfig                   0x080077f9   Thumb Code    18  stm32f4xx_tim.o(.text)
    TIM_OC2PolarityConfig                    0x0800780b   Thumb Code    26  stm32f4xx_tim.o(.text)
    TIM_OC2NPolarityConfig                   0x08007825   Thumb Code    26  stm32f4xx_tim.o(.text)
    TIM_OC3PolarityConfig                    0x0800783f   Thumb Code    26  stm32f4xx_tim.o(.text)
    TIM_OC3NPolarityConfig                   0x08007859   Thumb Code    26  stm32f4xx_tim.o(.text)
    TIM_OC4PolarityConfig                    0x08007873   Thumb Code    26  stm32f4xx_tim.o(.text)
    TIM_CCxCmd                               0x0800788d   Thumb Code    30  stm32f4xx_tim.o(.text)
    TIM_CCxNCmd                              0x080078ab   Thumb Code    30  stm32f4xx_tim.o(.text)
    TIM_SetIC4Prescaler                      0x080078c9   Thumb Code    26  stm32f4xx_tim.o(.text)
    TIM_SetIC3Prescaler                      0x08007933   Thumb Code    18  stm32f4xx_tim.o(.text)
    TIM_SetIC2Prescaler                      0x0800798d   Thumb Code    26  stm32f4xx_tim.o(.text)
    TIM_SetIC1Prescaler                      0x08007a01   Thumb Code    18  stm32f4xx_tim.o(.text)
    TIM_ICInit                               0x08007a4d   Thumb Code   110  stm32f4xx_tim.o(.text)
    TIM_ICStructInit                         0x08007abb   Thumb Code    18  stm32f4xx_tim.o(.text)
    TIM_PWMIConfig                           0x08007acd   Thumb Code   124  stm32f4xx_tim.o(.text)
    TIM_GetCapture1                          0x08007b49   Thumb Code     6  stm32f4xx_tim.o(.text)
    TIM_GetCapture2                          0x08007b4f   Thumb Code     6  stm32f4xx_tim.o(.text)
    TIM_GetCapture3                          0x08007b55   Thumb Code     6  stm32f4xx_tim.o(.text)
    TIM_GetCapture4                          0x08007b5b   Thumb Code     6  stm32f4xx_tim.o(.text)
    TIM_BDTRConfig                           0x08007b61   Thumb Code    32  stm32f4xx_tim.o(.text)
    TIM_BDTRStructInit                       0x08007b81   Thumb Code    18  stm32f4xx_tim.o(.text)
    TIM_CtrlPWMOutputs                       0x08007b93   Thumb Code    30  stm32f4xx_tim.o(.text)
    TIM_SelectCOM                            0x08007bb1   Thumb Code    24  stm32f4xx_tim.o(.text)
    TIM_CCPreloadControl                     0x08007bc9   Thumb Code    24  stm32f4xx_tim.o(.text)
    TIM_ITConfig                             0x08007be1   Thumb Code    18  stm32f4xx_tim.o(.text)
    TIM_GenerateEvent                        0x08007bf3   Thumb Code     4  stm32f4xx_tim.o(.text)
    TIM_GetFlagStatus                        0x08007bf7   Thumb Code    18  stm32f4xx_tim.o(.text)
    TIM_ClearFlag                            0x08007c09   Thumb Code     6  stm32f4xx_tim.o(.text)
    TIM_GetITStatus                          0x08007c0f   Thumb Code    34  stm32f4xx_tim.o(.text)
    TIM_ClearITPendingBit                    0x08007c31   Thumb Code     6  stm32f4xx_tim.o(.text)
    TIM_DMAConfig                            0x08007c37   Thumb Code    10  stm32f4xx_tim.o(.text)
    TIM_DMACmd                               0x08007c41   Thumb Code    18  stm32f4xx_tim.o(.text)
    TIM_SelectCCDMA                          0x08007c53   Thumb Code    24  stm32f4xx_tim.o(.text)
    TIM_InternalClockConfig                  0x08007c6b   Thumb Code    12  stm32f4xx_tim.o(.text)
    TIM_SelectInputTrigger                   0x08007c77   Thumb Code    18  stm32f4xx_tim.o(.text)
    TIM_ITRxExternalClockConfig              0x08007c89   Thumb Code    24  stm32f4xx_tim.o(.text)
    TIM_TIxExternalClockConfig               0x08007ca1   Thumb Code    62  stm32f4xx_tim.o(.text)
    TIM_ETRConfig                            0x08007cdf   Thumb Code    28  stm32f4xx_tim.o(.text)
    TIM_ETRClockMode1Config                  0x08007cfb   Thumb Code    54  stm32f4xx_tim.o(.text)
    TIM_ETRClockMode2Config                  0x08007d31   Thumb Code    32  stm32f4xx_tim.o(.text)
    TIM_SelectOutputTrigger                  0x08007d51   Thumb Code    18  stm32f4xx_tim.o(.text)
    TIM_SelectSlaveMode                      0x08007d63   Thumb Code    18  stm32f4xx_tim.o(.text)
    TIM_SelectMasterSlaveMode                0x08007d75   Thumb Code    18  stm32f4xx_tim.o(.text)
    TIM_EncoderInterfaceConfig               0x08007d87   Thumb Code    66  stm32f4xx_tim.o(.text)
    TIM_SelectHallSensor                     0x08007dc9   Thumb Code    24  stm32f4xx_tim.o(.text)
    TIM_RemapConfig                          0x08007de1   Thumb Code     6  stm32f4xx_tim.o(.text)
    USART_DeInit                             0x08007de9   Thumb Code   206  stm32f4xx_usart.o(.text)
    USART_Init                               0x08007eb7   Thumb Code   204  stm32f4xx_usart.o(.text)
    USART_StructInit                         0x08007f83   Thumb Code    24  stm32f4xx_usart.o(.text)
    USART_ClockInit                          0x08007f9b   Thumb Code    32  stm32f4xx_usart.o(.text)
    USART_ClockStructInit                    0x08007fbb   Thumb Code    12  stm32f4xx_usart.o(.text)
    USART_Cmd                                0x08007fc7   Thumb Code    24  stm32f4xx_usart.o(.text)
    USART_SetPrescaler                       0x08007fdf   Thumb Code    16  stm32f4xx_usart.o(.text)
    USART_OverSampling8Cmd                   0x08007fef   Thumb Code    22  stm32f4xx_usart.o(.text)
    USART_OneBitMethodCmd                    0x08008005   Thumb Code    24  stm32f4xx_usart.o(.text)
    USART_SendData                           0x0800801d   Thumb Code     8  stm32f4xx_usart.o(.text)
    USART_ReceiveData                        0x08008025   Thumb Code    10  stm32f4xx_usart.o(.text)
    USART_SetAddress                         0x0800802f   Thumb Code    18  stm32f4xx_usart.o(.text)
    USART_ReceiverWakeUpCmd                  0x08008041   Thumb Code    24  stm32f4xx_usart.o(.text)
    USART_WakeUpConfig                       0x08008059   Thumb Code    18  stm32f4xx_usart.o(.text)
    USART_LINBreakDetectLengthConfig         0x0800806b   Thumb Code    18  stm32f4xx_usart.o(.text)
    USART_LINCmd                             0x0800807d   Thumb Code    24  stm32f4xx_usart.o(.text)
    USART_SendBreak                          0x08008095   Thumb Code    10  stm32f4xx_usart.o(.text)
    USART_HalfDuplexCmd                      0x0800809f   Thumb Code    24  stm32f4xx_usart.o(.text)
    USART_SetGuardTime                       0x080080b7   Thumb Code    16  stm32f4xx_usart.o(.text)
    USART_SmartCardCmd                       0x080080c7   Thumb Code    24  stm32f4xx_usart.o(.text)
    USART_SmartCardNACKCmd                   0x080080df   Thumb Code    24  stm32f4xx_usart.o(.text)
    USART_IrDAConfig                         0x080080f7   Thumb Code    18  stm32f4xx_usart.o(.text)
    USART_IrDACmd                            0x08008109   Thumb Code    24  stm32f4xx_usart.o(.text)
    USART_DMACmd                             0x08008121   Thumb Code    18  stm32f4xx_usart.o(.text)
    USART_ITConfig                           0x08008133   Thumb Code    74  stm32f4xx_usart.o(.text)
    USART_GetFlagStatus                      0x0800817d   Thumb Code    26  stm32f4xx_usart.o(.text)
    USART_ClearFlag                          0x08008197   Thumb Code    18  stm32f4xx_usart.o(.text)
    USART_GetITStatus                        0x080081a9   Thumb Code   118  stm32f4xx_usart.o(.text)
    USART_ClearITPendingBit                  0x0800821f   Thumb Code    30  stm32f4xx_usart.o(.text)
    __aeabi_memset                           0x0800823d   Thumb Code    14  memseta.o(.text)
    __aeabi_memset4                          0x0800823d   Thumb Code     0  memseta.o(.text)
    __aeabi_memset8                          0x0800823d   Thumb Code     0  memseta.o(.text)
    __aeabi_memclr                           0x0800824b   Thumb Code     4  memseta.o(.text)
    __aeabi_memclr4                          0x0800824b   Thumb Code     0  memseta.o(.text)
    __aeabi_memclr8                          0x0800824b   Thumb Code     0  memseta.o(.text)
    _memset$wrapper                          0x0800824f   Thumb Code    18  memseta.o(.text)
    strlen                                   0x08008261   Thumb Code    14  strlen.o(.text)
    strcmp                                   0x0800826f   Thumb Code    28  strcmp.o(.text)
    strcpy                                   0x0800828b   Thumb Code    18  strcpy.o(.text)
    atoi                                     0x0800829d   Thumb Code    26  atoi.o(.text)
    __aeabi_dmul                             0x080082b7   Thumb Code   228  dmul.o(.text)
    __aeabi_i2d                              0x0800839b   Thumb Code    34  dflti.o(.text)
    __aeabi_f2d                              0x080083bd   Thumb Code    38  f2d.o(.text)
    __aeabi_d2f                              0x080083e3   Thumb Code    56  d2f.o(.text)
    __aeabi_uidiv                            0x0800841b   Thumb Code     0  uidiv.o(.text)
    __aeabi_uidivmod                         0x0800841b   Thumb Code    44  uidiv.o(.text)
    __aeabi_uldivmod                         0x08008447   Thumb Code    98  uldiv.o(.text)
    __strtod_int                             0x080084df   Thumb Code    88  strtod.o(.text)
    strtol                                   0x08008545   Thumb Code   112  strtol.o(.text)
    __I$use$fp                               0x080085b5   Thumb Code     0  iusefp.o(.text)
    _float_round                             0x080085b5   Thumb Code    18  fepilogue.o(.text)
    _float_epilogue                          0x080085c7   Thumb Code    90  fepilogue.o(.text)
    _double_round                            0x08008621   Thumb Code    26  depilogue.o(.text)
    _double_epilogue                         0x0800863b   Thumb Code   164  depilogue.o(.text)
    __aeabi_dadd                             0x080086df   Thumb Code   322  dadd.o(.text)
    __aeabi_dsub                             0x08008821   Thumb Code     6  dadd.o(.text)
    __aeabi_drsub                            0x08008827   Thumb Code     6  dadd.o(.text)
    __aeabi_ddiv                             0x0800882d   Thumb Code   222  ddiv.o(.text)
    __aeabi_d2ulz                            0x0800890b   Thumb Code    48  dfixul.o(.text)
    __aeabi_cdrcmple                         0x0800893d   Thumb Code    38  cdrcmple.o(.text)
    __scatterload                            0x08008965   Thumb Code    28  init.o(.text)
    __scatterload_rt2                        0x08008965   Thumb Code     0  init.o(.text)
    __aeabi_llsl                             0x08008989   Thumb Code    30  llshl.o(.text)
    _ll_shift_l                              0x08008989   Thumb Code     0  llshl.o(.text)
    __aeabi_llsr                             0x080089a7   Thumb Code    32  llushr.o(.text)
    _ll_ushift_r                             0x080089a7   Thumb Code     0  llushr.o(.text)
    __aeabi_lasr                             0x080089c7   Thumb Code    36  llsshr.o(.text)
    _ll_sshift_r                             0x080089c7   Thumb Code     0  llsshr.o(.text)
    __rt_ctype_table                         0x080089ed   Thumb Code     4  ctype_o.o(.text)
    isspace                                  0x080089f5   Thumb Code    18  isspace_o.o(.text)
    _scanf_real                              0x08008b09   Thumb Code     0  scanf_fp.o(.text)
    _scanf_really_real                       0x08008b09   Thumb Code   560  scanf_fp.o(.text)
    _sgetc                                   0x08008d45   Thumb Code    30  _sgetc.o(.text)
    _sbackspace                              0x08008d63   Thumb Code    34  _sgetc.o(.text)
    _strtoul                                 0x08008d85   Thumb Code   158  _strtoul.o(.text)
    _chval                                   0x08008e23   Thumb Code    28  _chval.o(.text)
    __aeabi_ul2d                             0x08008e3f   Thumb Code    24  dfltul.o(.text)
    __decompress                             0x08008e57   Thumb Code     0  __dczerorl2.o(.text)
    __decompress1                            0x08008e57   Thumb Code    92  __dczerorl2.o(.text)
    __0sprintf                               0x08008eb5   Thumb Code    34  printfa.o(i.__0sprintf)
    __1sprintf                               0x08008eb5   Thumb Code     0  printfa.o(i.__0sprintf)
    __2sprintf                               0x08008eb5   Thumb Code     0  printfa.o(i.__0sprintf)
    __c89sprintf                             0x08008eb5   Thumb Code     0  printfa.o(i.__0sprintf)
    sprintf                                  0x08008eb5   Thumb Code     0  printfa.o(i.__0sprintf)
    __0vsnprintf                             0x08008edd   Thumb Code    32  printfa.o(i.__0vsnprintf)
    __1vsnprintf                             0x08008edd   Thumb Code     0  printfa.o(i.__0vsnprintf)
    __2vsnprintf                             0x08008edd   Thumb Code     0  printfa.o(i.__0vsnprintf)
    __c89vsnprintf                           0x08008edd   Thumb Code     0  printfa.o(i.__0vsnprintf)
    vsnprintf                                0x08008edd   Thumb Code     0  printfa.o(i.__0vsnprintf)
    __aeabi_errno_addr                       0x08008f01   Thumb Code     4  errno.o(i.__aeabi_errno_addr)
    __rt_errno_addr                          0x08008f01   Thumb Code     0  errno.o(i.__aeabi_errno_addr)
    __hardfp_atof                            0x08008f09   Thumb Code    44  atof.o(i.__hardfp_atof)
    __read_errno                             0x08008f41   Thumb Code     6  errno.o(i.__read_errno)
    __scatterload_copy                       0x08008f4d   Thumb Code    14  handlers.o(i.__scatterload_copy)
    __scatterload_null                       0x08008f5b   Thumb Code     2  handlers.o(i.__scatterload_null)
    __scatterload_zeroinit                   0x08008f5d   Thumb Code    14  handlers.o(i.__scatterload_zeroinit)
    __set_errno                              0x08008f6d   Thumb Code     6  errno.o(i.__set_errno)
    _is_digit                                0x080090d5   Thumb Code    14  scanf_fp.o(i._is_digit)
    free                                     0x0800984d   Thumb Code    76  malloc.o(i.free)
    malloc                                   0x0800989d   Thumb Code    92  malloc.o(i.malloc)
    asc2_1206                                0x08009908   Data        1140  tftlcd.o(.constdata)
    asc2_1608                                0x08009d7c   Data        1520  tftlcd.o(.constdata)
    asc2_2412                                0x0800a36c   Data        3420  tftlcd.o(.constdata)
    ov7725_init_tbl                          0x0800b0c8   Data         106  camera.o(.constdata)
    camera_init_reg_tbl                      0x0800b132   Data         336  camera.o(.constdata)
    ov2640_sxga_init_reg_tbl                 0x0800b282   Data         356  camera.o(.constdata)
    ov2640_svga_init_reg_tbl                 0x0800b3e6   Data         354  camera.o(.constdata)
    ov2640_jpeg_reg_tbl                      0x0800b548   Data          14  camera.o(.constdata)
    ov2640_rgb565_reg_tbl                    0x0800b556   Data          32  camera.o(.constdata)
    ov2640_yuv422_reg_tbl                    0x0800b576   Data          24  camera.o(.constdata)
    ov2640_cif_reg_tbl                       0x0800b58e   Data          34  camera.o(.constdata)
    ov2640_cif_init_reg_tbl                  0x0800b5b0   Data         356  camera.o(.constdata)
    FSMC_DefaultTimingStruct                 0x0800b714   Data          28  stm32f4xx_fsmc.o(.constdata)
    __ctype_table                            0x0800b730   Data         129  ctype_o.o(.constdata)
    Region$$Table$$Base                      0x0800b7b8   Number         0  anon$$obj.o(Region$$Table)
    Region$$Table$$Limit                     0x0800b7d8   Number         0  anon$$obj.o(Region$$Table)
    GPIO_InitStructure                       0x20000000   Data           8  configuration.o(.data)
    NVIC_InitStructure                       0x20000008   Data           4  configuration.o(.data)
    EXTI_InitStructure                       0x2000000c   Data           8  configuration.o(.data)
    g_lcd_height                             0x20000014   Data           2  tftlcd.o(.data)
    g_lcd_width                              0x20000016   Data           2  tftlcd.o(.data)
    g_lcd_dir                                0x20000018   Data           2  tftlcd.o(.data)
    lcd_id                                   0x2000001a   Data           2  tftlcd.o(.data)
    g_ov2640_custom_config                   0x2000001c   Data          24  camera.o(.data)
    ov7620_init_tbl                          0x20000034   Data          12  camera.o(.data)
    g_param_list                             0x20000044   Data           4  parameter.o(.data)
    SystemCoreClock                          0x200002f4   Data           4  system_stm32f4xx.o(.data)
    AHBPrescTable                            0x200002f8   Data          16  system_stm32f4xx.o(.data)
    __microlib_freelist                      0x20000318   Data           4  mvars.o(.data)
    __microlib_freelist_initialised          0x2000031c   Data           4  mvars.o(.data)
    g_pre_centroid_x                         0x20000324   Data          40  main.o(.bss)
    str_temp                                 0x2000034c   Data         100  stm32f4xx_it.o(.bss)
    RCC_ClockFreq                            0x200003b0   Data          16  configuration.o(.bss)
    USART_InitStructure                      0x200003c0   Data          16  configuration.o(.bss)
    DMA_Structure                            0x200003d0   Data          60  configuration.o(.bss)
    TIM1_TimeBaseStructure                   0x2000040c   Data          12  configuration.o(.bss)
    TIM1_OCInitStructure                     0x20000418   Data          20  configuration.o(.bss)
    TIM1_ICInitStructure                     0x2000042c   Data          10  configuration.o(.bss)
    TIM_TimeBaseStructure                    0x20000438   Data          12  configuration.o(.bss)
    TIM_OCInitStructure                      0x20000444   Data          20  configuration.o(.bss)
    TIM_ICInitStructure                      0x20000458   Data          10  configuration.o(.bss)
    __heap_base                              0x20000680   Data           0  startup_stm32f40_41xxx.o(HEAP)
    __heap_limit                             0x20010680   Data           0  startup_stm32f40_41xxx.o(HEAP)
    __initial_sp                             0x20010a80   Data           0  startup_stm32f40_41xxx.o(STACK)



==============================================================================

Memory Map of the image

  Image Entry point : 0x08004ab1

  Load Region LR_1 (Base: 0x08000000, Size: 0x0000bafc, Max: 0xffffffff, ABSOLUTE, COMPRESSED[0x0000b890])

    Execution Region ER_RO (Base: 0x08000000, Size: 0x0000b7d8, Max: 0xffffffff, ABSOLUTE)

    Base Addr    Size         Type   Attr      Idx    E Section Name        Object

    0x08000000   0x00000188   Data   RO          495    RESET               startup_stm32f40_41xxx.o
    0x08000188   0x00000000   Code   RO         1249  * .ARM.Collect$$$$00000000  mc_w.l(entry.o)
    0x08000188   0x00000004   Code   RO         1559    .ARM.Collect$$$$00000001  mc_w.l(entry2.o)
    0x0800018c   0x00000004   Code   RO         1562    .ARM.Collect$$$$00000004  mc_w.l(entry5.o)
    0x08000190   0x00000000   Code   RO         1564    .ARM.Collect$$$$00000008  mc_w.l(entry7b.o)
    0x08000190   0x00000000   Code   RO         1566    .ARM.Collect$$$$0000000A  mc_w.l(entry8b.o)
    0x08000190   0x00000008   Code   RO         1567    .ARM.Collect$$$$0000000B  mc_w.l(entry9a.o)
    0x08000198   0x00000000   Code   RO         1569    .ARM.Collect$$$$0000000D  mc_w.l(entry10a.o)
    0x08000198   0x00000000   Code   RO         1571    .ARM.Collect$$$$0000000F  mc_w.l(entry11a.o)
    0x08000198   0x00000004   Code   RO         1560    .ARM.Collect$$$$00002712  mc_w.l(entry2.o)
    0x0800019c   0x00000584   Code   RO            3    .text               main.o
    0x08000720   0x000000b4   Code   RO          187    .text               stm32f4xx_it.o
    0x080007d4   0x000009b8   Code   RO          223    .text               configuration.o
    0x0800118c   0x00000264   Code   RO          251    .text               global.o
    0x080013f0   0x00000a20   Code   RO          286    .text               tftlcd.o
    0x08001e10   0x00000224   Code   RO          333    .text               link_list.o
    0x08002034   0x00000a5c   Code   RO          356    .text               camera.o
    0x08002a90   0x00000840   Code   RO          388    .text               parameter.o
    0x080032d0   0x000007a0   Code   RO          415    .text               cmd.o
    0x08003a70   0x00000310   Code   RO          444    .text               cmd_func.o
    0x08003d80   0x00000d30   Code   RO          472    .text               mpu6050.o
    0x08004ab0   0x00000024   Code   RO          496  * .text               startup_stm32f40_41xxx.o
    0x08004ad4   0x0000020c   Code   RO          502    .text               system_stm32f4xx.o
    0x08004ce0   0x000000e4   Code   RO          528    .text               misc.o
    0x08004dc4   0x000003a4   Code   RO          748    .text               stm32f4xx_dma.o
    0x08005168   0x00000110   Code   RO          791    .text               stm32f4xx_exti.o
    0x08005278   0x00000694   Code   RO          811    .text               stm32f4xx_flash.o
    0x0800590c   0x000005dc   Code   RO          854    .text               stm32f4xx_fsmc.o
    0x08005ee8   0x00000294   Code   RO          877    .text               stm32f4xx_gpio.o
    0x0800617c   0x00000456   Code   RO          957    .text               stm32f4xx_i2c.o
    0x080065d2   0x00000002   PAD
    0x080065d4   0x0000065c   Code   RO         1040    .text               stm32f4xx_rcc.o
    0x08006c30   0x0000047c   Code   RO         1145    .text               stm32f4xx_spi.o
    0x080070ac   0x00000098   Code   RO         1165    .text               stm32f4xx_syscfg.o
    0x08007144   0x00000ca2   Code   RO         1185    .text               stm32f4xx_tim.o
    0x08007de6   0x00000002   PAD
    0x08007de8   0x00000454   Code   RO         1205    .text               stm32f4xx_usart.o
    0x0800823c   0x00000024   Code   RO         1252    .text               mc_w.l(memseta.o)
    0x08008260   0x0000000e   Code   RO         1254    .text               mc_w.l(strlen.o)
    0x0800826e   0x0000001c   Code   RO         1256    .text               mc_w.l(strcmp.o)
    0x0800828a   0x00000012   Code   RO         1258    .text               mc_w.l(strcpy.o)
    0x0800829c   0x0000001a   Code   RO         1549    .text               mc_w.l(atoi.o)
    0x080082b6   0x000000e4   Code   RO         1551    .text               mf_w.l(dmul.o)
    0x0800839a   0x00000022   Code   RO         1553    .text               mf_w.l(dflti.o)
    0x080083bc   0x00000026   Code   RO         1555    .text               mf_w.l(f2d.o)
    0x080083e2   0x00000038   Code   RO         1557    .text               mf_w.l(d2f.o)
    0x0800841a   0x0000002c   Code   RO         1574    .text               mc_w.l(uidiv.o)
    0x08008446   0x00000062   Code   RO         1576    .text               mc_w.l(uldiv.o)
    0x080084a8   0x0000009c   Code   RO         1591    .text               mc_w.l(strtod.o)
    0x08008544   0x00000070   Code   RO         1593    .text               mc_w.l(strtol.o)
    0x080085b4   0x00000000   Code   RO         1595    .text               mc_w.l(iusefp.o)
    0x080085b4   0x0000006c   Code   RO         1596    .text               mf_w.l(fepilogue.o)
    0x08008620   0x000000be   Code   RO         1598    .text               mf_w.l(depilogue.o)
    0x080086de   0x0000014e   Code   RO         1600    .text               mf_w.l(dadd.o)
    0x0800882c   0x000000de   Code   RO         1602    .text               mf_w.l(ddiv.o)
    0x0800890a   0x00000030   Code   RO         1604    .text               mf_w.l(dfixul.o)
    0x0800893a   0x00000002   PAD
    0x0800893c   0x00000028   Code   RO         1606    .text               mf_w.l(cdrcmple.o)
    0x08008964   0x00000024   Code   RO         1608    .text               mc_w.l(init.o)
    0x08008988   0x0000001e   Code   RO         1610    .text               mc_w.l(llshl.o)
    0x080089a6   0x00000020   Code   RO         1612    .text               mc_w.l(llushr.o)
    0x080089c6   0x00000024   Code   RO         1614    .text               mc_w.l(llsshr.o)
    0x080089ea   0x00000002   PAD
    0x080089ec   0x00000008   Code   RO         1618    .text               mc_w.l(ctype_o.o)
    0x080089f4   0x00000012   Code   RO         1640    .text               mc_w.l(isspace_o.o)
    0x08008a06   0x00000002   PAD
    0x08008a08   0x0000033c   Code   RO         1646    .text               mc_w.l(scanf_fp.o)
    0x08008d44   0x00000040   Code   RO         1650    .text               mc_w.l(_sgetc.o)
    0x08008d84   0x0000009e   Code   RO         1652    .text               mc_w.l(_strtoul.o)
    0x08008e22   0x0000001c   Code   RO         1657    .text               mc_w.l(_chval.o)
    0x08008e3e   0x00000018   Code   RO         1659    .text               mf_w.l(dfltul.o)
    0x08008e56   0x0000005c   Code   RO         1669    .text               mc_w.l(__dczerorl2.o)
    0x08008eb2   0x00000002   PAD
    0x08008eb4   0x00000028   Code   RO         1495    i.__0sprintf        mc_w.l(printfa.o)
    0x08008edc   0x00000024   Code   RO         1498    i.__0vsnprintf      mc_w.l(printfa.o)
    0x08008f00   0x00000008   Code   RO         1584    i.__aeabi_errno_addr  mc_w.l(errno.o)
    0x08008f08   0x00000038   Code   RO         1243    i.__hardfp_atof     m_wm.l(atof.o)
    0x08008f40   0x0000000c   Code   RO         1585    i.__read_errno      mc_w.l(errno.o)
    0x08008f4c   0x0000000e   Code   RO         1663    i.__scatterload_copy  mc_w.l(handlers.o)
    0x08008f5a   0x00000002   Code   RO         1664    i.__scatterload_null  mc_w.l(handlers.o)
    0x08008f5c   0x0000000e   Code   RO         1665    i.__scatterload_zeroinit  mc_w.l(handlers.o)
    0x08008f6a   0x00000002   PAD
    0x08008f6c   0x0000000c   Code   RO         1586    i.__set_errno       mc_w.l(errno.o)
    0x08008f78   0x0000015c   Code   RO         1500    i._fp_digits        mc_w.l(printfa.o)
    0x080090d4   0x0000000e   Code   RO         1648    i._is_digit         mc_w.l(scanf_fp.o)
    0x080090e2   0x00000002   PAD
    0x080090e4   0x000006f0   Code   RO         1501    i._printf_core      mc_w.l(printfa.o)
    0x080097d4   0x00000026   Code   RO         1502    i._printf_post_padding  mc_w.l(printfa.o)
    0x080097fa   0x00000030   Code   RO         1503    i._printf_pre_padding  mc_w.l(printfa.o)
    0x0800982a   0x00000016   Code   RO         1504    i._snputc           mc_w.l(printfa.o)
    0x08009840   0x0000000a   Code   RO         1505    i._sputc            mc_w.l(printfa.o)
    0x0800984a   0x00000002   PAD
    0x0800984c   0x00000050   Code   RO         1521    i.free              mc_w.l(malloc.o)
    0x0800989c   0x0000006c   Code   RO         1522    i.malloc            mc_w.l(malloc.o)
    0x08009908   0x000017c0   Data   RO          287    .constdata          tftlcd.o
    0x0800b0c8   0x0000064c   Data   RO          358    .constdata          camera.o
    0x0800b714   0x0000001c   Data   RO          855    .constdata          stm32f4xx_fsmc.o
    0x0800b730   0x00000081   Data   RO         1619    .constdata          mc_w.l(ctype_o.o)
    0x0800b7b1   0x00000003   PAD
    0x0800b7b4   0x00000004   Data   RO         1620    .constdata          mc_w.l(ctype_o.o)
    0x0800b7b8   0x00000020   Data   RO         1661    Region$$Table       anon$$obj.o


    Execution Region ER_RW (Base: 0x20000000, Size: 0x00000324, Max: 0xffffffff, ABSOLUTE, COMPRESSED[0x000000b8])

    Base Addr    Size         Type   Attr      Idx    E Section Name        Object

    0x20000000   0x00000014   Data   RW          225    .data               configuration.o
    0x20000014   0x00000008   Data   RW          288    .data               tftlcd.o
    0x2000001c   0x00000028   Data   RW          359    .data               camera.o
    0x20000044   0x0000000c   Data   RW          390    .data               parameter.o
    0x20000050   0x00000260   Data   RW          417    .data               cmd.o
    0x200002b0   0x00000044   Data   RW          474    .data               mpu6050.o
    0x200002f4   0x00000014   Data   RW          503    .data               system_stm32f4xx.o
    0x20000308   0x00000010   Data   RW         1041    .data               stm32f4xx_rcc.o
    0x20000318   0x00000004   Data   RW         1582    .data               mc_w.l(mvars.o)
    0x2000031c   0x00000004   Data   RW         1583    .data               mc_w.l(mvars.o)
    0x20000320   0x00000004   Data   RW         1587    .data               mc_w.l(errno.o)


    Execution Region ER_ZI (Base: 0x20000324, Size: 0x0001075c, Max: 0xffffffff, ABSOLUTE)

    Base Addr    Size         Type   Attr      Idx    E Section Name        Object

    0x20000324   0x00000028   Zero   RW            4    .bss                main.o
    0x2000034c   0x00000064   Zero   RW          188    .bss                stm32f4xx_it.o
    0x200003b0   0x000000b2   Zero   RW          224    .bss                configuration.o
    0x20000462   0x00000080   Zero   RW          357    .bss                camera.o
    0x200004e2   0x00000002   PAD
    0x200004e4   0x000000c8   Zero   RW          389    .bss                parameter.o
    0x200005ac   0x000000b8   Zero   RW          416    .bss                cmd.o
    0x20000664   0x0000001c   Zero   RW          473    .bss                mpu6050.o
    0x20000680   0x00010000   Zero   RW          494    HEAP                startup_stm32f40_41xxx.o
    0x20010680   0x00000400   Zero   RW          493    STACK               startup_stm32f40_41xxx.o


==============================================================================

Image component sizes


      Code (inc. data)   RO Data    RW Data    ZI Data      Debug   Object Name

      2652        200       1612         40        128       9988   camera.o
      1952        218          0        608        184       4141   cmd.o
       784        210          0          0          0      29038   cmd_func.o
      2488         98          0         20        178       5134   configuration.o
       612         16          0          0          0       4254   global.o
       548         18          0          0          0       3861   link_list.o
      1412        316          0          0         40     336872   main.o
       228         22          0          0          0       1945   misc.o
      3376        270          0         68         28       6588   mpu6050.o
      2112        220          0         12        200       6117   parameter.o
        36          8        392          0      66560        792   startup_stm32f40_41xxx.o
       932         32          0          0          0       6417   stm32f4xx_dma.o
       272         10          0          0          0       2391   stm32f4xx_exti.o
      1684         26          0          0          0       9278   stm32f4xx_flash.o
      1500         60         28          0          0       5738   stm32f4xx_fsmc.o
       660         44          0          0          0       4217   stm32f4xx_gpio.o
      1110         26          0          0          0       8671   stm32f4xx_i2c.o
       180         22          0          0        100       2528   stm32f4xx_it.o
      1628         52          0         16          0      13020   stm32f4xx_rcc.o
      1148         36          0          0          0       6969   stm32f4xx_spi.o
       152         18          0          0          0       1893   stm32f4xx_syscfg.o
      3234         60          0          0          0      22420   stm32f4xx_tim.o
      1108         34          0          0          0       7920   stm32f4xx_usart.o
       524         44          0         20          0       1835   system_stm32f4xx.o
      2592         50       6080          8          0       5791   tftlcd.o

    ----------------------------------------------------------------------
     32928       2110       8144        792      67420     507818   Object Totals
         0          0         32          0          0          0   (incl. Generated)
         4          0          0          0          2          0   (incl. Padding)

    ----------------------------------------------------------------------

      Code (inc. data)   RO Data    RW Data    ZI Data      Debug   Library Member Name

        56         12          0          0          0        132   atof.o
        92          0          0          0          0          0   __dczerorl2.o
        28          0          0          0          0         68   _chval.o
        64          0          0          0          0         84   _sgetc.o
       158          0          0          0          0         92   _strtoul.o
        26          0          0          0          0         80   atoi.o
         8          4        133          0          0         68   ctype_o.o
         0          0          0          0          0          0   entry.o
         0          0          0          0          0          0   entry10a.o
         0          0          0          0          0          0   entry11a.o
         8          4          0          0          0          0   entry2.o
         4          0          0          0          0          0   entry5.o
         0          0          0          0          0          0   entry7b.o
         0          0          0          0          0          0   entry8b.o
         8          4          0          0          0          0   entry9a.o
        32         16          0          4          0        204   errno.o
        30          0          0          0          0          0   handlers.o
        36          8          0          0          0         68   init.o
        18          0          0          0          0         76   isspace_o.o
         0          0          0          0          0          0   iusefp.o
        30          0          0          0          0         68   llshl.o
        36          0          0          0          0         68   llsshr.o
        32          0          0          0          0         68   llushr.o
       188         20          0          0          0        160   malloc.o
        36          0          0          0          0        108   memseta.o
         0          0          0          8          0          0   mvars.o
      2318         90          0          0          0        660   printfa.o
       842         12          0          0          0        216   scanf_fp.o
        28          0          0          0          0         76   strcmp.o
        18          0          0          0          0         68   strcpy.o
        14          0          0          0          0         68   strlen.o
       156         14          0          0          0        120   strtod.o
       112          0          0          0          0         88   strtol.o
        44          0          0          0          0         80   uidiv.o
        98          0          0          0          0         92   uldiv.o
        40          2          0          0          0         68   cdrcmple.o
        56          0          0          0          0         88   d2f.o
       334          0          0          0          0        148   dadd.o
       222          0          0          0          0        100   ddiv.o
       190          0          0          0          0        176   depilogue.o
        48          0          0          0          0         68   dfixul.o
        34          0          0          0          0         76   dflti.o
        24          0          0          0          0         76   dfltul.o
       228          0          0          0          0         96   dmul.o
        38          0          0          0          0         68   f2d.o
       108          0          0          0          0        168   fepilogue.o

    ----------------------------------------------------------------------
      5856        186        136         12          0       3944   Library Totals
        14          0          3          0          0          0   (incl. Padding)

    ----------------------------------------------------------------------

      Code (inc. data)   RO Data    RW Data    ZI Data      Debug   Library Name

        56         12          0          0          0        132   m_wm.l
      4464        172        133         12          0       2680   mc_w.l
      1322          2          0          0          0       1132   mf_w.l

    ----------------------------------------------------------------------
      5856        186        136         12          0       3944   Library Totals

    ----------------------------------------------------------------------

==============================================================================


      Code (inc. data)   RO Data    RW Data    ZI Data      Debug   

     38784       2296       8280        804      67420     503382   Grand Totals
     38784       2296       8280        184      67420     503382   ELF Image Totals (compressed)
     38784       2296       8280        184          0          0   ROM Totals

==============================================================================

    Total RO  Size (Code + RO Data)                47064 (  45.96kB)
    Total RW  Size (RW Data + ZI Data)             68224 (  66.63kB)
    Total ROM Size (Code + RO Data + RW Data)      47248 (  46.14kB)

==============================================================================

